../Source/bsp/bsp_adc/bsp_adc.c:42:6:init_bsp_adc	8	static
../Source/bsp/bsp_adc/bsp_adc.c:72:18:read_current_sense_adc_value	24	static
../Source/bsp/bsp_adc/bsp_adc.c:98:18:read_voltage_sense_adc_value	24	static
../Source/bsp/bsp_adc/bsp_adc.c:124:18:read_temperature_sense_adc_value	24	static
../Source/bsp/bsp_adc/bsp_adc.c:147:13:configure_current_sense_adc_channel	24	static
../Source/bsp/bsp_adc/bsp_adc.c:165:13:configure_voltage_sense_adc_channel	24	static
../Source/bsp/bsp_adc/bsp_adc.c:183:13:configure_temperature_sense_adc_channel	24	static
