Archive member included to satisfy reference by file (symbol)

/Applications/STM32CubeIDE.app/Contents/Eclipse/plugins/com.st.stm32cube.ide.mcu.externaltools.gnu-tools-for-stm32.13.3.rel1.macos64_1.0.0.202411102158/tools/bin/../lib/gcc/arm-none-eabi/13.3.1/../../../../arm-none-eabi/lib/thumb/v7e-m+fp/hard/libc_nano.a(libc_a-exit.o)
                              /Applications/STM32CubeIDE.app/Contents/Eclipse/plugins/com.st.stm32cube.ide.mcu.externaltools.gnu-tools-for-stm32.13.3.rel1.macos64_1.0.0.202411102158/tools/bin/../lib/gcc/arm-none-eabi/13.3.1/../../../../arm-none-eabi/lib/thumb/v7e-m+fp/hard/crt0.o (exit)
/Applications/STM32CubeIDE.app/Contents/Eclipse/plugins/com.st.stm32cube.ide.mcu.externaltools.gnu-tools-for-stm32.13.3.rel1.macos64_1.0.0.202411102158/tools/bin/../lib/gcc/arm-none-eabi/13.3.1/../../../../arm-none-eabi/lib/thumb/v7e-m+fp/hard/libc_nano.a(libc_a-findfp.o)
                              /Applications/STM32CubeIDE.app/Contents/Eclipse/plugins/com.st.stm32cube.ide.mcu.externaltools.gnu-tools-for-stm32.13.3.rel1.macos64_1.0.0.202411102158/tools/bin/../lib/gcc/arm-none-eabi/13.3.1/../../../../arm-none-eabi/lib/thumb/v7e-m+fp/hard/libc_nano.a(libc_a-exit.o) (__stdio_exit_handler)
/Applications/STM32CubeIDE.app/Contents/Eclipse/plugins/com.st.stm32cube.ide.mcu.externaltools.gnu-tools-for-stm32.13.3.rel1.macos64_1.0.0.202411102158/tools/bin/../lib/gcc/arm-none-eabi/13.3.1/../../../../arm-none-eabi/lib/thumb/v7e-m+fp/hard/libc_nano.a(libc_a-fwalk.o)
                              /Applications/STM32CubeIDE.app/Contents/Eclipse/plugins/com.st.stm32cube.ide.mcu.externaltools.gnu-tools-for-stm32.13.3.rel1.macos64_1.0.0.202411102158/tools/bin/../lib/gcc/arm-none-eabi/13.3.1/../../../../arm-none-eabi/lib/thumb/v7e-m+fp/hard/libc_nano.a(libc_a-findfp.o) (_fwalk_sglue)
/Applications/STM32CubeIDE.app/Contents/Eclipse/plugins/com.st.stm32cube.ide.mcu.externaltools.gnu-tools-for-stm32.13.3.rel1.macos64_1.0.0.202411102158/tools/bin/../lib/gcc/arm-none-eabi/13.3.1/../../../../arm-none-eabi/lib/thumb/v7e-m+fp/hard/libc_nano.a(libc_a-memset.o)
                              /Applications/STM32CubeIDE.app/Contents/Eclipse/plugins/com.st.stm32cube.ide.mcu.externaltools.gnu-tools-for-stm32.13.3.rel1.macos64_1.0.0.202411102158/tools/bin/../lib/gcc/arm-none-eabi/13.3.1/../../../../arm-none-eabi/lib/thumb/v7e-m+fp/hard/crt0.o (memset)
/Applications/STM32CubeIDE.app/Contents/Eclipse/plugins/com.st.stm32cube.ide.mcu.externaltools.gnu-tools-for-stm32.13.3.rel1.macos64_1.0.0.202411102158/tools/bin/../lib/gcc/arm-none-eabi/13.3.1/../../../../arm-none-eabi/lib/thumb/v7e-m+fp/hard/libc_nano.a(libc_a-errno.o)
                              ./Core/Src/syscalls.o (__errno)
/Applications/STM32CubeIDE.app/Contents/Eclipse/plugins/com.st.stm32cube.ide.mcu.externaltools.gnu-tools-for-stm32.13.3.rel1.macos64_1.0.0.202411102158/tools/bin/../lib/gcc/arm-none-eabi/13.3.1/../../../../arm-none-eabi/lib/thumb/v7e-m+fp/hard/libc_nano.a(libc_a-init.o)
                              /Applications/STM32CubeIDE.app/Contents/Eclipse/plugins/com.st.stm32cube.ide.mcu.externaltools.gnu-tools-for-stm32.13.3.rel1.macos64_1.0.0.202411102158/tools/bin/../lib/gcc/arm-none-eabi/13.3.1/../../../../arm-none-eabi/lib/thumb/v7e-m+fp/hard/crt0.o (__libc_init_array)
/Applications/STM32CubeIDE.app/Contents/Eclipse/plugins/com.st.stm32cube.ide.mcu.externaltools.gnu-tools-for-stm32.13.3.rel1.macos64_1.0.0.202411102158/tools/bin/../lib/gcc/arm-none-eabi/13.3.1/../../../../arm-none-eabi/lib/thumb/v7e-m+fp/hard/libc_nano.a(libc_a-lock.o)
                              /Applications/STM32CubeIDE.app/Contents/Eclipse/plugins/com.st.stm32cube.ide.mcu.externaltools.gnu-tools-for-stm32.13.3.rel1.macos64_1.0.0.202411102158/tools/bin/../lib/gcc/arm-none-eabi/13.3.1/../../../../arm-none-eabi/lib/thumb/v7e-m+fp/hard/libc_nano.a(libc_a-findfp.o) (__retarget_lock_init_recursive)
/Applications/STM32CubeIDE.app/Contents/Eclipse/plugins/com.st.stm32cube.ide.mcu.externaltools.gnu-tools-for-stm32.13.3.rel1.macos64_1.0.0.202411102158/tools/bin/../lib/gcc/arm-none-eabi/13.3.1/../../../../arm-none-eabi/lib/thumb/v7e-m+fp/hard/libc_nano.a(libc_a-impure.o)
                              /Applications/STM32CubeIDE.app/Contents/Eclipse/plugins/com.st.stm32cube.ide.mcu.externaltools.gnu-tools-for-stm32.13.3.rel1.macos64_1.0.0.202411102158/tools/bin/../lib/gcc/arm-none-eabi/13.3.1/../../../../arm-none-eabi/lib/thumb/v7e-m+fp/hard/libc_nano.a(libc_a-errno.o) (_impure_ptr)
/Applications/STM32CubeIDE.app/Contents/Eclipse/plugins/com.st.stm32cube.ide.mcu.externaltools.gnu-tools-for-stm32.13.3.rel1.macos64_1.0.0.202411102158/tools/bin/../lib/gcc/arm-none-eabi/13.3.1/../../../../arm-none-eabi/lib/thumb/v7e-m+fp/hard/libc_nano.a(libc_a-mallocr.o)
[...]
Memory Configuration

Name             Origin             Length             Attributes
CCMRAM           0x10000000         0x00010000         xrw
RAM              0x20000000         0x00020000         xrw
FLASH            0x08000000         0x00100000         xr
*default*        0x00000000         0xffffffff

Linker script and memory map

LOAD /Applications/STM32CubeIDE.app/Contents/Eclipse/plugins/com.st.stm32cube.ide.mcu.externaltools.gnu-tools-for-stm32.13.3.rel1.macos64_1.0.0.202411102158/tools/bin/../lib/gcc/arm-none-eabi/13.3.1/thumb/v7e-m+fp/hard/crti.o
LOAD /Applications/STM32CubeIDE.app/Contents/Eclipse/plugins/com.st.stm32cube.ide.mcu.externaltools.gnu-tools-for-stm32.13.3.rel1.macos64_1.0.0.202411102158/tools/bin/../lib/gcc/arm-none-eabi/13.3.1/thumb/v7e-m+fp/hard/crtbegin.o
LOAD /Applications/STM32CubeIDE.app/Contents/Eclipse/plugins/com.st.stm32cube.ide.mcu.externaltools.gnu-tools-for-stm32.13.3.rel1.macos64_1.0.0.202411102158/tools/bin/../lib/gcc/arm-none-eabi/13.3.1/../../../../arm-none-eabi/lib/thumb/v7e-m+fp/hard/crt0.o
LOAD ./Core/Src/main.o
LOAD ./Core/Src/stm32f4xx_hal_msp.o
LOAD ./Core/Src/stm32f4xx_it.o
LOAD ./Core/Src/syscalls.o
LOAD ./Core/Src/sysmem.o
LOAD ./Core/Src/system_stm32f4xx.o
LOAD ./Core/Startup/startup_stm32f407ighx.o
LOAD ./Drivers/STM32F4xx_HAL_Driver/Src/stm32f4xx_hal.o
LOAD ./Drivers/STM32F4xx_HAL_Driver/Src/stm32f4xx_hal_adc.o
LOAD ./Drivers/STM32F4xx_HAL_Driver/Src/stm32f4xx_hal_adc_ex.o
LOAD ./Drivers/STM32F4xx_HAL_Driver/Src/stm32f4xx_hal_can.o
LOAD ./Drivers/STM32F4xx_HAL_Driver/Src/stm32f4xx_hal_cortex.o
LOAD ./Drivers/STM32F4xx_HAL_Driver/Src/stm32f4xx_hal_dma.o
LOAD ./Drivers/STM32F4xx_HAL_Driver/Src/stm32f4xx_hal_dma_ex.o
LOAD ./Drivers/STM32F4xx_HAL_Driver/Src/stm32f4xx_hal_exti.o
LOAD ./Drivers/STM32F4xx_HAL_Driver/Src/stm32f4xx_hal_flash.o
LOAD ./Drivers/STM32F4xx_HAL_Driver/Src/stm32f4xx_hal_flash_ex.o
LOAD ./Drivers/STM32F4xx_HAL_Driver/Src/stm32f4xx_hal_flash_ramfunc.o
LOAD ./Drivers/STM32F4xx_HAL_Driver/Src/stm32f4xx_hal_gpio.o
LOAD ./Drivers/STM32F4xx_HAL_Driver/Src/stm32f4xx_hal_pwr.o
LOAD ./Drivers/STM32F4xx_HAL_Driver/Src/stm32f4xx_hal_pwr_ex.o
LOAD ./Drivers/STM32F4xx_HAL_Driver/Src/stm32f4xx_hal_rcc.o
LOAD ./Drivers/STM32F4xx_HAL_Driver/Src/stm32f4xx_hal_rcc_ex.o
LOAD ./Drivers/STM32F4xx_HAL_Driver/Src/stm32f4xx_hal_tim.o
LOAD ./Drivers/STM32F4xx_HAL_Driver/Src/stm32f4xx_hal_tim_ex.o
LOAD ./Drivers/STM32F4xx_HAL_Driver/Src/stm32f4xx_ll_adc.o
LOAD ./Project_Configs/adc_sensor_driver_cfg/adc_sensor_driver_cfg.o
LOAD ./Project_Configs/app_buck_converter_cfg/app_buck_converter_cfg.o
LOAD ./Project_Configs/bsp_can_cfg/bsp_can_cfg.o
LOAD ./Project_Configs/bsp_gpio_cfg/bsp_gpio_cfg.o
LOAD ./Project_Configs/bsp_pwm_config/bsp_pwm_cfg.o
LOAD ./Project_Configs/com_driver_cfg/com_driver_cfg.o
LOAD ./Project_Configs/software_timer_cfg/software_timer_cfg.o
LOAD ./Source/application/app_buck_converter/app_buck_converter.o
LOAD ./Source/bsp/bsp_adc/bsp_adc.o
LOAD ./Source/bsp/bsp_can/bsp_can.o
LOAD ./Source/bsp/bsp_gpio/bsp_gpio.o
LOAD ./Source/bsp/bsp_pwm/bsp_pwm.o
LOAD ./Source/device_drivers/adc_sensor_driver/adc_sensor_driver.o
LOAD ./Source/device_drivers/communication_driver/com_driver.o
LOAD ./Source/device_drivers/software_timer/software_timer.o
LOAD ./Source/libraries/pid_controller/pid_controller.o
LOAD ./Source/system/error_manager/error_manager.o
LOAD ./Source/system/system_manager/system_manager.o
START GROUP
LOAD /Applications/STM32CubeIDE.app/Contents/Eclipse/plugins/com.st.stm32cube.ide.mcu.externaltools.gnu-tools-for-stm32.13.3.rel1.macos64_1.0.0.202411102158/tools/bin/../lib/gcc/arm-none-eabi/13.3.1/../../../../arm-none-eabi/lib/thumb/v7e-m+fp/hard/libc_nano.a
LOAD /Applications/STM32CubeIDE.app/Contents/Eclipse/plugins/com.st.stm32cube.ide.mcu.externaltools.gnu-tools-for-stm32.13.3.rel1.macos64_1.0.0.202411102158/tools/bin/../lib/gcc/arm-none-eabi/13.3.1/../../../../arm-none-eabi/lib/thumb/v7e-m+fp/hard/libm.a
END GROUP
START GROUP
LOAD /Applications/STM32CubeIDE.app/Contents/Eclipse/plugins/com.st.stm32cube.ide.mcu.externaltools.gnu-tools-for-stm32.13.3.rel1.macos64_1.0.0.202411102158/tools/bin/../lib/gcc/arm-none-eabi/13.3.1/thumb/v7e-m+fp/hard/libgcc.a
LOAD /Applications/STM32CubeIDE.app/Contents/Eclipse/plugins/com.st.stm32cube.ide.mcu.externaltools.gnu-tools-for-stm32.13.3.rel1.macos64_1.0.0.202411102158/tools/bin/../lib/gcc/arm-none-eabi/13.3.1/../../../../arm-none-eabi/lib/thumb/v7e-m+fp/hard/libc_nano.a
END GROUP
START GROUP
LOAD /Applications/STM32CubeIDE.app/Contents/Eclipse/plugins/com.st.stm32cube.ide.mcu.externaltools.gnu-tools-for-stm32.13.3.rel1.macos64_1.0.0.202411102158/tools/bin/../lib/gcc/arm-none-eabi/13.3.1/thumb/v7e-m+fp/hard/libgcc.a
LOAD /Applications/STM32CubeIDE.app/Contents/Eclipse/plugins/com.st.stm32cube.ide.mcu.externaltools.gnu-tools-for-stm32.13.3.rel1.macos64_1.0.0.202411102158/tools/bin/../lib/gcc/arm-none-eabi/13.3.1/../../../../arm-none-eabi/lib/thumb/v7e-m+fp/hard/libc_nano.a
LOAD /Applications/STM32CubeIDE.app/Contents/Eclipse/plugins/com.st.stm32cube.ide.mcu.externaltools.gnu-tools-for-stm32.13.3.rel1.macos64_1.0.0.202411102158/tools/bin/../lib/gcc/arm-none-eabi/13.3.1/../../../../arm-none-eabi/lib/thumb/v7e-m+fp/hard/libnosys.a
END GROUP
START GROUP
LOAD /Applications/STM32CubeIDE.app/Contents/Eclipse/plugins/com.st.stm32cube.ide.mcu.externaltools.gnu-tools-for-stm32.13.3.rel1.macos64_1.0.0.202411102158/tools/bin/../lib/gcc/arm-none-eabi/13.3.1/thumb/v7e-m+fp/hard/libgcc.a
LOAD /Applications/STM32CubeIDE.app/Contents/Eclipse/plugins/com.st.stm32cube.ide.mcu.externaltools.gnu-tools-for-stm32.13.3.rel1.macos64_1.0.0.202411102158/tools/bin/../lib/gcc/arm-none-eabi/13.3.1/../../../../arm-none-eabi/lib/thumb/v7e-m+fp/hard/libc_nano.a
LOAD /Applications/STM32CubeIDE.app/Contents/Eclipse/plugins/com.st.stm32cube.ide.mcu.externaltools.gnu-tools-for-stm32.13.3.rel1.macos64_1.0.0.202411102158/tools/bin/../lib/gcc/arm-none-eabi/13.3.1/../../../../arm-none-eabi/lib/thumb/v7e-m+fp/hard/libnosys.a
END GROUP
LOAD /Applications/STM32CubeIDE.app/Contents/Eclipse/plugins/com.st.stm32cube.ide.mcu.externaltools.gnu-tools-for-stm32.13.3.rel1.macos64_1.0.0.202411102158/tools/bin/../lib/gcc/arm-none-eabi/13.3.1/thumb/v7e-m+fp/hard/crtend.o
LOAD /Applications/STM32CubeIDE.app/Contents/Eclipse/plugins/com.st.stm32cube.ide.mcu.externaltools.gnu-tools-for-stm32.13.3.rel1.macos64_1.0.0.202411102158/tools/bin/../lib/gcc/arm-none-eabi/13.3.1/thumb/v7e-m+fp/hard/crtn.o
                0x20020000                        _estack = (ORIGIN (RAM) + LENGTH (RAM))
                0x00000200                        _Min_Heap_Size = 0x200
                0x00000400                        _Min_Stack_Size = 0x400

.isr_vector     0x08000000      0x188
                0x08000000                        . = ALIGN (0x4)
 *(.isr_vector)
 .isr_vector    0x08000000      0x188 ./Core/Startup/startup_stm32f407ighx.o
                0x08000000                g_pfnVectors
                0x08000188                        . = ALIGN (0x4)

.text           0x08000188     0x4538
                0x08000188                        . = ALIGN (0x4)
 *(.text)
 .text          0x08000188       0x40 /Applications/STM32CubeIDE.app/Contents/Eclipse/plugins/com.st.stm32cube.ide.mcu.externaltools.gnu-tools-for-stm32.13.3.rel1.macos64_1.0.0.202411102158/tools/bin/../lib/gcc/arm-none-eabi/13.3.1/thumb/v7e-m+fp/hard/crtbegin.o
 .text          0x080001c8       0x30 /Applications/STM32CubeIDE.app/Contents/Eclipse/plugins/com.st.stm32cube.ide.mcu.externaltools.gnu-tools-for-stm32.13.3.rel1.macos64_1.0.0.202411102158/tools/bin/../lib/gcc/arm-none-eabi/13.3.1/thumb/v7e-m+fp/hard/libgcc.a(_aeabi_uldivmod.o)
                0x080001c8                __aeabi_uldivmod
 .text          0x080001f8      0x2f8 /Applications/STM32CubeIDE.app/Contents/Eclipse/plugins/com.st.stm32cube.ide.mcu.externaltools.gnu-tools-for-stm32.13.3.rel1.macos64_1.0.0.202411102158/tools/bin/../lib/gcc/arm-none-eabi/13.3.1/thumb/v7e-m+fp/hard/libgcc.a(_udivmoddi4.o)
                0x080001f8                __udivmoddi4
 .text          0x080004f0        0x4 /Applications/STM32CubeIDE.app/Contents/Eclipse/plugins/com.st.stm32cube.ide.mcu.externaltools.gnu-tools-for-stm32.13.3.rel1.macos64_1.0.0.202411102158/tools/bin/../lib/gcc/arm-none-eabi/13.3.1/thumb/v7e-m+fp/hard/libgcc.a(_dvmd_tls.o)
                0x080004f0                __aeabi_ldiv0
                0x080004f0                __aeabi_idiv0
 *(.text*)
 .text.main     0x080004f4        0xa ./Core/Src/main.o
                0x080004f4                main
 *fill*         0x080004fe        0x2 
 .text.HAL_MspInit
                0x08000500       0x50 ./Core/Src/stm32f4xx_hal_msp.o
                0x08000500                HAL_MspInit
 .text.HAL_ADC_MspInit
                0x08000550       0x88 ./Core/Src/stm32f4xx_hal_msp.o
                0x08000550                HAL_ADC_MspInit
 .text.HAL_TIM_Base_MspInit
                0x080005d8       0x44 ./Core/Src/stm32f4xx_hal_msp.o
                0x080005d8                HAL_TIM_Base_MspInit
 .text.NMI_Handler
                0x0800061c        0x8 ./Core/Src/stm32f4xx_it.o
                0x0800061c                NMI_Handler
 .text.HardFault_Handler
                0x08000624        0x8 ./Core/Src/stm32f4xx_it.o
                0x08000624                HardFault_Handler
 .text.MemManage_Handler
                0x0800062c        0x8 ./Core/Src/stm32f4xx_it.o
                0x0800062c                MemManage_Handler
 .text.BusFault_Handler
                0x08000634        0x8 ./Core/Src/stm32f4xx_it.o
                0x08000634                BusFault_Handler
 .text.UsageFault_Handler
                0x0800063c        0x8 ./Core/Src/stm32f4xx_it.o
                0x0800063c                UsageFault_Handler
 .text.SVC_Handler
                0x08000644        0xe ./Core/Src/stm32f4xx_it.o
                0x08000644                SVC_Handler
 .text.DebugMon_Handler
                0x08000652        0xe ./Core/Src/stm32f4xx_it.o
                0x08000652                DebugMon_Handler
 .text.PendSV_Handler
                0x08000660        0xe ./Core/Src/stm32f4xx_it.o
                0x08000660                PendSV_Handler
 .text.SysTick_Handler
                0x0800066e        0xc ./Core/Src/stm32f4xx_it.o
                0x0800066e                SysTick_Handler
 *fill*         0x0800067a        0x2 
 .text.SystemInit
                0x0800067c       0x24 ./Core/Src/system_stm32f4xx.o
                0x0800067c                SystemInit
 .text.Reset_Handler
                0x080006a0       0x50 ./Core/Startup/startup_stm32f407ighx.o
                0x080006a0                Reset_Handler
 .text.Default_Handler
                0x080006f0        0x2 ./Core/Startup/startup_stm32f407ighx.o
                0x080006f0                DMA1_Stream3_IRQHandler
                0x080006f0                HASH_RNG_IRQHandler
                0x080006f0                EXTI2_IRQHandler
                0x080006f0                TIM8_CC_IRQHandler
                0x080006f0                TIM1_CC_IRQHandler
                0x080006f0                DMA2_Stream5_IRQHandler
                0x080006f0                DMA1_Stream5_IRQHandler
                0x080006f0                PVD_IRQHandler
                0x080006f0                SDIO_IRQHandler
                0x080006f0                TAMP_STAMP_IRQHandler
                0x080006f0                CAN2_RX1_IRQHandler
                0x080006f0                EXTI3_IRQHandler
                0x080006f0                TIM8_TRG_COM_TIM14_IRQHandler
                0x080006f0                TIM1_UP_TIM10_IRQHandler
                0x080006f0                TIM8_UP_TIM13_IRQHandler
                0x080006f0                I2C3_ER_IRQHandler
                0x080006f0                EXTI0_IRQHandler
                0x080006f0                I2C2_EV_IRQHandler
                0x080006f0                DMA1_Stream2_IRQHandler
                0x080006f0                CAN1_RX0_IRQHandler
                0x080006f0                FPU_IRQHandler
                0x080006f0                OTG_HS_WKUP_IRQHandler
                0x080006f0                CAN2_SCE_IRQHandler
                0x080006f0                DMA2_Stream2_IRQHandler
                0x080006f0                SPI1_IRQHandler
                0x080006f0                TIM6_DAC_IRQHandler
                0x080006f0                TIM1_BRK_TIM9_IRQHandler
                0x080006f0                DCMI_IRQHandler
                0x080006f0                CAN2_RX0_IRQHandler
                0x080006f0                DMA2_Stream3_IRQHandler
                0x080006f0                USART6_IRQHandler
                0x080006f0                USART3_IRQHandler
                0x080006f0                CAN1_RX1_IRQHandler
                0x080006f0                UART5_IRQHandler
                0x080006f0                DMA2_Stream0_IRQHandler
                0x080006f0                TIM4_IRQHandler
                0x080006f0                I2C1_EV_IRQHandler
                0x080006f0                DMA1_Stream6_IRQHandler
                0x080006f0                DMA1_Stream1_IRQHandler
                0x080006f0                UART4_IRQHandler
                0x080006f0                TIM3_IRQHandler
                0x080006f0                RCC_IRQHandler
                0x080006f0                TIM8_BRK_TIM12_IRQHandler
                0x080006f0                Default_Handler
                0x080006f0                EXTI15_10_IRQHandler
                0x080006f0                ADC_IRQHandler
                0x080006f0                DMA1_Stream7_IRQHandler
                0x080006f0                TIM7_IRQHandler
                0x080006f0                CAN2_TX_IRQHandler
                0x080006f0                TIM5_IRQHandler
                0x080006f0                DMA2_Stream7_IRQHandler
                0x080006f0                I2C3_EV_IRQHandler
                0x080006f0                EXTI9_5_IRQHandler
                0x080006f0                RTC_WKUP_IRQHandler
                0x080006f0                ETH_WKUP_IRQHandler
                0x080006f0                SPI2_IRQHandler
                0x080006f0                OTG_HS_EP1_IN_IRQHandler
                0x080006f0                DMA1_Stream0_IRQHandler
                0x080006f0                CAN1_TX_IRQHandler
                0x080006f0                EXTI4_IRQHandler
                0x080006f0                FSMC_IRQHandler
                0x080006f0                ETH_IRQHandler
                0x080006f0                OTG_HS_EP1_OUT_IRQHandler
                0x080006f0                WWDG_IRQHandler
                0x080006f0                TIM2_IRQHandler
                0x080006f0                OTG_FS_WKUP_IRQHandler
                0x080006f0                TIM1_TRG_COM_TIM11_IRQHandler
                0x080006f0                OTG_HS_IRQHandler
                0x080006f0                EXTI1_IRQHandler
                0x080006f0                USART2_IRQHandler
                0x080006f0                I2C2_ER_IRQHandler
                0x080006f0                DMA2_Stream1_IRQHandler
                0x080006f0                CAN1_SCE_IRQHandler
                0x080006f0                FLASH_IRQHandler
                0x080006f0                DMA2_Stream4_IRQHandler
                0x080006f0                USART1_IRQHandler
                0x080006f0                OTG_FS_IRQHandler
                0x080006f0                SPI3_IRQHandler
                0x080006f0                DMA1_Stream4_IRQHandler
                0x080006f0                I2C1_ER_IRQHandler
                0x080006f0                DMA2_Stream6_IRQHandler
                0x080006f0                RTC_Alarm_IRQHandler
 *fill*         0x080006f2        0x2 
 .text.HAL_Init
                0x080006f4       0x44 ./Drivers/STM32F4xx_HAL_Driver/Src/stm32f4xx_hal.o
                0x080006f4                HAL_Init
 .text.HAL_InitTick
                0x08000738       0x60 ./Drivers/STM32F4xx_HAL_Driver/Src/stm32f4xx_hal.o
                0x08000738                HAL_InitTick
 .text.HAL_IncTick
                0x08000798       0x28 ./Drivers/STM32F4xx_HAL_Driver/Src/stm32f4xx_hal.o
                0x08000798                HAL_IncTick
 .text.HAL_GetTick
                0x080007c0       0x18 ./Drivers/STM32F4xx_HAL_Driver/Src/stm32f4xx_hal.o
                0x080007c0                HAL_GetTick
 .text.HAL_ADC_Init
                0x080007d8       0x86 ./Drivers/STM32F4xx_HAL_Driver/Src/stm32f4xx_hal_adc.o
                0x080007d8                HAL_ADC_Init
 *fill*         0x0800085e        0x2 
 .text.HAL_ADC_Start
                0x08000860      0x1a4 ./Drivers/STM32F4xx_HAL_Driver/Src/stm32f4xx_hal_adc.o
                0x08000860                HAL_ADC_Start
 .text.HAL_ADC_Stop
                0x08000a04       0x66 ./Drivers/STM32F4xx_HAL_Driver/Src/stm32f4xx_hal_adc.o
                0x08000a04                HAL_ADC_Stop
 .text.HAL_ADC_PollForConversion
                0x08000a6a      0x116 ./Drivers/STM32F4xx_HAL_Driver/Src/stm32f4xx_hal_adc.o
                0x08000a6a                HAL_ADC_PollForConversion
 .text.HAL_ADC_GetValue
                0x08000b80       0x1a ./Drivers/STM32F4xx_HAL_Driver/Src/stm32f4xx_hal_adc.o
                0x08000b80                HAL_ADC_GetValue
 *fill*         0x08000b9a        0x2 
 .text.HAL_ADC_ConfigChannel
                0x08000b9c      0x244 ./Drivers/STM32F4xx_HAL_Driver/Src/stm32f4xx_hal_adc.o
                0x08000b9c                HAL_ADC_ConfigChannel
 .text.ADC_Init
                0x08000de0      0x1f8 ./Drivers/STM32F4xx_HAL_Driver/Src/stm32f4xx_hal_adc.o
 .text.HAL_CAN_Init
                0x08000fd8      0x1f6 ./Drivers/STM32F4xx_HAL_Driver/Src/stm32f4xx_hal_can.o
                0x08000fd8                HAL_CAN_Init
 .text.HAL_CAN_MspInit
                0x080011ce       0x14 ./Drivers/STM32F4xx_HAL_Driver/Src/stm32f4xx_hal_can.o
                0x080011ce                HAL_CAN_MspInit
 .text.HAL_CAN_Start
                0x080011e2       0x88 ./Drivers/STM32F4xx_HAL_Driver/Src/stm32f4xx_hal_can.o
                0x080011e2                HAL_CAN_Start
 .text.HAL_CAN_AddTxMessage
                0x0800126a      0x1a0 ./Drivers/STM32F4xx_HAL_Driver/Src/stm32f4xx_hal_can.o
                0x0800126a                HAL_CAN_AddTxMessage
 *fill*         0x0800140a        0x2 
 .text.__NVIC_SetPriorityGrouping
                0x0800140c       0x48 ./Drivers/STM32F4xx_HAL_Driver/Src/stm32f4xx_hal_cortex.o
 .text.__NVIC_GetPriorityGrouping
                0x08001454       0x1c ./Drivers/STM32F4xx_HAL_Driver/Src/stm32f4xx_hal_cortex.o
 .text.__NVIC_SetPriority
                0x08001470       0x54 ./Drivers/STM32F4xx_HAL_Driver/Src/stm32f4xx_hal_cortex.o
 .text.NVIC_EncodePriority
                0x080014c4       0x66 ./Drivers/STM32F4xx_HAL_Driver/Src/stm32f4xx_hal_cortex.o
 *fill*         0x0800152a        0x2 
 .text.SysTick_Config
                0x0800152c       0x44 ./Drivers/STM32F4xx_HAL_Driver/Src/stm32f4xx_hal_cortex.o
 .text.HAL_NVIC_SetPriorityGrouping
                0x08001570       0x16 ./Drivers/STM32F4xx_HAL_Driver/Src/stm32f4xx_hal_cortex.o
                0x08001570                HAL_NVIC_SetPriorityGrouping
 .text.HAL_NVIC_SetPriority
                0x08001586       0x38 ./Drivers/STM32F4xx_HAL_Driver/Src/stm32f4xx_hal_cortex.o
                0x08001586                HAL_NVIC_SetPriority
 .text.HAL_SYSTICK_Config
                0x080015be       0x18 ./Drivers/STM32F4xx_HAL_Driver/Src/stm32f4xx_hal_cortex.o
                0x080015be                HAL_SYSTICK_Config
 *fill*         0x080015d6        0x2 
 .text.HAL_GPIO_Init
                0x080015d8      0x338 ./Drivers/STM32F4xx_HAL_Driver/Src/stm32f4xx_hal_gpio.o
                0x080015d8                HAL_GPIO_Init
 .text.HAL_RCC_OscConfig
                0x08001910      0x4f0 ./Drivers/STM32F4xx_HAL_Driver/Src/stm32f4xx_hal_rcc.o
                0x08001910                HAL_RCC_OscConfig
 .text.HAL_RCC_ClockConfig
                0x08001e00      0x1cc ./Drivers/STM32F4xx_HAL_Driver/Src/stm32f4xx_hal_rcc.o
                0x08001e00                HAL_RCC_ClockConfig
 .text.HAL_RCC_GetSysClockFreq
                0x08001fcc      0x20c ./Drivers/STM32F4xx_HAL_Driver/Src/stm32f4xx_hal_rcc.o
                0x08001fcc                HAL_RCC_GetSysClockFreq
 .text.HAL_TIM_Base_Init
                0x080021d8       0x9e ./Drivers/STM32F4xx_HAL_Driver/Src/stm32f4xx_hal_tim.o
                0x080021d8                HAL_TIM_Base_Init
 .text.HAL_TIM_PWM_Init
                0x08002276       0x9e ./Drivers/STM32F4xx_HAL_Driver/Src/stm32f4xx_hal_tim.o
                0x08002276                HAL_TIM_PWM_Init
 .text.HAL_TIM_PWM_MspInit
                0x08002314       0x14 ./Drivers/STM32F4xx_HAL_Driver/Src/stm32f4xx_hal_tim.o
                0x08002314                HAL_TIM_PWM_MspInit
 .text.HAL_TIM_PWM_Start
                0x08002328      0x190 ./Drivers/STM32F4xx_HAL_Driver/Src/stm32f4xx_hal_tim.o
                0x08002328                HAL_TIM_PWM_Start
 .text.HAL_TIM_PWM_Stop
                0x080024b8       0xe0 ./Drivers/STM32F4xx_HAL_Driver/Src/stm32f4xx_hal_tim.o
                0x080024b8                HAL_TIM_PWM_Stop
 .text.HAL_TIM_PWM_ConfigChannel
                0x08002598      0x184 ./Drivers/STM32F4xx_HAL_Driver/Src/stm32f4xx_hal_tim.o
                0x08002598                HAL_TIM_PWM_ConfigChannel
 .text.HAL_TIM_ConfigClockSource
                0x0800271c      0x18e ./Drivers/STM32F4xx_HAL_Driver/Src/stm32f4xx_hal_tim.o
                0x0800271c                HAL_TIM_ConfigClockSource
 *fill*         0x080028aa        0x2 
 .text.TIM_Base_SetConfig
                0x080028ac      0x14c ./Drivers/STM32F4xx_HAL_Driver/Src/stm32f4xx_hal_tim.o
                0x080028ac                TIM_Base_SetConfig
 .text.TIM_OC1_SetConfig
                0x080029f8       0xe0 ./Drivers/STM32F4xx_HAL_Driver/Src/stm32f4xx_hal_tim.o
 .text.TIM_OC2_SetConfig
                0x08002ad8       0xec ./Drivers/STM32F4xx_HAL_Driver/Src/stm32f4xx_hal_tim.o
                0x08002ad8                TIM_OC2_SetConfig
 .text.TIM_OC3_SetConfig
                0x08002bc4       0xe8 ./Drivers/STM32F4xx_HAL_Driver/Src/stm32f4xx_hal_tim.o
 .text.TIM_OC4_SetConfig
                0x08002cac       0xac ./Drivers/STM32F4xx_HAL_Driver/Src/stm32f4xx_hal_tim.o
 .text.TIM_TI1_ConfigInputStage
                0x08002d58       0x5e ./Drivers/STM32F4xx_HAL_Driver/Src/stm32f4xx_hal_tim.o
 .text.TIM_TI2_ConfigInputStage
                0x08002db6       0x60 ./Drivers/STM32F4xx_HAL_Driver/Src/stm32f4xx_hal_tim.o
 .text.TIM_ITRx_SetConfig
                0x08002e16       0x36 ./Drivers/STM32F4xx_HAL_Driver/Src/stm32f4xx_hal_tim.o
 .text.TIM_ETR_SetConfig
                0x08002e4c       0x40 ./Drivers/STM32F4xx_HAL_Driver/Src/stm32f4xx_hal_tim.o
                0x08002e4c                TIM_ETR_SetConfig
 .text.TIM_CCxChannelCmd
                0x08002e8c       0x4a ./Drivers/STM32F4xx_HAL_Driver/Src/stm32f4xx_hal_tim.o
                0x08002e8c                TIM_CCxChannelCmd
 *fill*         0x08002ed6        0x2 
 .text.HAL_TIMEx_MasterConfigSynchronization
                0x08002ed8       0xf8 ./Drivers/STM32F4xx_HAL_Driver/Src/stm32f4xx_hal_tim_ex.o
                0x08002ed8                HAL_TIMEx_MasterConfigSynchronization
 .text.HAL_TIMEx_ConfigBreakDeadTime
                0x08002fd0       0xa4 ./Drivers/STM32F4xx_HAL_Driver/Src/stm32f4xx_hal_tim_ex.o
                0x08002fd0                HAL_TIMEx_ConfigBreakDeadTime
 .text.init_buck_converter
                0x08003074       0x44 ./Source/application/app_buck_converter/app_buck_converter.o
                0x08003074                init_buck_converter
 .text.control_out_voltage_with_current_limit
                0x080030b8      0x114 ./Source/application/app_buck_converter/app_buck_converter.o
                0x080030b8                control_out_voltage_with_current_limit
 .text.monitor_current_to_detect_over_current
                0x080031cc       0x5c ./Source/application/app_buck_converter/app_buck_converter.o
 .text.init_bsp_adc
                0x08003228       0x70 ./Source/bsp/bsp_adc/bsp_adc.o
                0x08003228                init_bsp_adc
 .text.read_current_sense_adc_value
                0x08003298       0x60 ./Source/bsp/bsp_adc/bsp_adc.o
                0x08003298                read_current_sense_adc_value
 .text.read_voltage_sense_adc_value
                0x080032f8       0x60 ./Source/bsp/bsp_adc/bsp_adc.o
                0x080032f8                read_voltage_sense_adc_value
 .text.read_temperature_sense_adc_value
                0x08003358       0x60 ./Source/bsp/bsp_adc/bsp_adc.o
                0x08003358                read_temperature_sense_adc_value
 .text.configure_current_sense_adc_channel
                0x080033b8       0x40 ./Source/bsp/bsp_adc/bsp_adc.o
 .text.configure_voltage_sense_adc_channel
                0x080033f8       0x40 ./Source/bsp/bsp_adc/bsp_adc.o
 .text.configure_temperature_sense_adc_channel
                0x08003438       0x40 ./Source/bsp/bsp_adc/bsp_adc.o
 .text.init_bsp_can
                0x08003478       0xb0 ./Source/bsp/bsp_can/bsp_can.o
                0x08003478                init_bsp_can
 .text.send_message_over_canbus
                0x08003528       0x94 ./Source/bsp/bsp_can/bsp_can.o
                0x08003528                send_message_over_canbus
 .text.find_message_id_from_config
                0x080035bc       0x24 ./Source/bsp/bsp_can/bsp_can.o
 .text.init_bsp_gpio
                0x080035e0       0x7c ./Source/bsp/bsp_gpio/bsp_gpio.o
                0x080035e0                init_bsp_gpio
 .text.init_gpio_pin
                0x0800365c       0xd0 ./Source/bsp/bsp_gpio/bsp_gpio.o
                0x0800365c                init_gpio_pin
 .text.enable_used_gpio_pin_clock
                0x0800372c       0xc0 ./Source/bsp/bsp_gpio/bsp_gpio.o
 .text.init_bsp_pwm
                0x080037ec      0x238 ./Source/bsp/bsp_pwm/bsp_pwm.o
                0x080037ec                init_bsp_pwm
 .text.start_pwm_channel
                0x08003a24       0x84 ./Source/bsp/bsp_pwm/bsp_pwm.o
                0x08003a24                start_pwm_channel
 .text.stop_pwm_channel
                0x08003aa8       0x84 ./Source/bsp/bsp_pwm/bsp_pwm.o
                0x08003aa8                stop_pwm_channel
 .text.set_pwm_duty
                0x08003b2c       0xcc ./Source/bsp/bsp_pwm/bsp_pwm.o
                0x08003b2c                set_pwm_duty
 .text.set_capture_compare_register_of_pwm_channel
                0x08003bf8       0xb8 ./Source/bsp/bsp_pwm/bsp_pwm.o
 .text.find_timer_config_index_of_pwm_channel
                0x08003cb0       0xa0 ./Source/bsp/bsp_pwm/bsp_pwm.o
 .text.init_timer_pwm_channels
                0x08003d50       0xc4 ./Source/bsp/bsp_pwm/bsp_pwm.o
 .text.init_adc_sensor_driver
                0x08003e14       0x24 ./Source/device_drivers/adc_sensor_driver/adc_sensor_driver.o
                0x08003e14                init_adc_sensor_driver
 .text.read_adc_sensor_value
                0x08003e38       0x94 ./Source/device_drivers/adc_sensor_driver/adc_sensor_driver.o
                0x08003e38                read_adc_sensor_value
 .text.init_com_driver
                0x08003ecc       0x2c ./Source/device_drivers/communication_driver/com_driver.o
                0x08003ecc                init_com_driver
 .text.trigger_send_of_message
                0x08003ef8       0x4c ./Source/device_drivers/communication_driver/com_driver.o
                0x08003ef8                trigger_send_of_message
 .text.send_signal_over_com
                0x08003f44       0x1a ./Source/device_drivers/communication_driver/com_driver.o
                0x08003f44                send_signal_over_com
 .text.send_periodic_message_timeout_cb
                0x08003f5e       0x1c ./Source/device_drivers/communication_driver/com_driver.o
                0x08003f5e                send_periodic_message_timeout_cb
 .text.send_message_over_related_bus
                0x08003f7a       0x4a ./Source/device_drivers/communication_driver/com_driver.o
 .text.start_periodic_tx_messages_timers
                0x08003fc4       0x18 ./Source/device_drivers/communication_driver/com_driver.o
 .text.init_software_timer_module
                0x08003fdc       0x24 ./Source/device_drivers/software_timer/software_timer.o
                0x08003fdc                init_software_timer_module
 .text.start_software_timer
                0x08004000       0x68 ./Source/device_drivers/software_timer/software_timer.o
                0x08004000                start_software_timer
 .text.stop_software_timer
                0x08004068       0x34 ./Source/device_drivers/software_timer/software_timer.o
                0x08004068                stop_software_timer
 .text.run_all_software_timers
                0x0800409c       0x44 ./Source/device_drivers/software_timer/software_timer.o
                0x0800409c                run_all_software_timers
 .text.timer_timeout_process
                0x080040e0       0xd0 ./Source/device_drivers/software_timer/software_timer.o
 .text.PID_Step
                0x080041b0      0x11c ./Source/libraries/pid_controller/pid_controller.o
                0x080041b0                PID_Step
 .text.report_sensor_error
                0x080042cc       0x24 ./Source/system/error_manager/error_manager.o
                0x080042cc                report_sensor_error
 .text.report_development_error
                0x080042f0       0x24 ./Source/system/error_manager/error_manager.o
                0x080042f0                report_development_error
 .text.report_over_current
                0x08004314       0x24 ./Source/system/error_manager/error_manager.o
                0x08004314                report_over_current
 .text.report_init_error
                0x08004338       0x24 ./Source/system/error_manager/error_manager.o
                0x08004338                report_init_error
 .text.get_system_overcurrent_error_status
                0x0800435c       0x30 ./Source/system/error_manager/error_manager.o
                0x0800435c                get_system_overcurrent_error_status
 .text.run_state_machine_of_system_manager
                0x0800438c      0x108 ./Source/system/system_manager/system_manager.o
                0x0800438c                run_state_machine_of_system_manager
 .text.calculate_system_temperature
                0x08004494       0x5c ./Source/system/system_manager/system_manager.o
                0x08004494                calculate_system_temperature
 .text.scale_temperature_for_send_over_com
                0x080044f0       0xa8 ./Source/system/system_manager/system_manager.o
 .text.SystemClock_Config
                0x08004598       0xb8 ./Source/system/system_manager/system_manager.o
 .text.memset   0x08004650       0x10 /Applications/STM32CubeIDE.app/Contents/Eclipse/plugins/com.st.stm32cube.ide.mcu.externaltools.gnu-tools-for-stm32.13.3.rel1.macos64_1.0.0.202411102158/tools/bin/../lib/gcc/arm-none-eabi/13.3.1/../../../../arm-none-eabi/lib/thumb/v7e-m+fp/hard/libc_nano.a(libc_a-memset.o)
                0x08004650                memset
 .text.__libc_init_array
                0x08004660       0x48 /Applications/STM32CubeIDE.app/Contents/Eclipse/plugins/com.st.stm32cube.ide.mcu.externaltools.gnu-tools-for-stm32.13.3.rel1.macos64_1.0.0.202411102158/tools/bin/../lib/gcc/arm-none-eabi/13.3.1/../../../../arm-none-eabi/lib/thumb/v7e-m+fp/hard/libc_nano.a(libc_a-init.o)
                0x08004660                __libc_init_array
 *(.glue_7)
 .glue_7        0x080046a8        0x0 linker stubs
 *(.glue_7t)
 .glue_7t       0x080046a8        0x0 linker stubs
 *(.eh_frame)
 .eh_frame      0x080046a8        0x0 /Applications/STM32CubeIDE.app/Contents/Eclipse/plugins/com.st.stm32cube.ide.mcu.externaltools.gnu-tools-for-stm32.13.3.rel1.macos64_1.0.0.202411102158/tools/bin/../lib/gcc/arm-none-eabi/13.3.1/thumb/v7e-m+fp/hard/crtbegin.o
 *(.init)
 .init          0x080046a8        0x4 /Applications/STM32CubeIDE.app/Contents/Eclipse/plugins/com.st.stm32cube.ide.mcu.externaltools.gnu-tools-for-stm32.13.3.rel1.macos64_1.0.0.202411102158/tools/bin/../lib/gcc/arm-none-eabi/13.3.1/thumb/v7e-m+fp/hard/crti.o
                0x080046a8                _init
 .init          0x080046ac        0x8 /Applications/STM32CubeIDE.app/Contents/Eclipse/plugins/com.st.stm32cube.ide.mcu.externaltools.gnu-tools-for-stm32.13.3.rel1.macos64_1.0.0.202411102158/tools/bin/../lib/gcc/arm-none-eabi/13.3.1/thumb/v7e-m+fp/hard/crtn.o
 *(.fini)
 .fini          0x080046b4        0x4 /Applications/STM32CubeIDE.app/Contents/Eclipse/plugins/com.st.stm32cube.ide.mcu.externaltools.gnu-tools-for-stm32.13.3.rel1.macos64_1.0.0.202411102158/tools/bin/../lib/gcc/arm-none-eabi/13.3.1/thumb/v7e-m+fp/hard/crti.o
                0x080046b4                _fini
 .fini          0x080046b8        0x8 /Applications/STM32CubeIDE.app/Contents/Eclipse/plugins/com.st.stm32cube.ide.mcu.externaltools.gnu-tools-for-stm32.13.3.rel1.macos64_1.0.0.202411102158/tools/bin/../lib/gcc/arm-none-eabi/13.3.1/thumb/v7e-m+fp/hard/crtn.o
                0x080046c0                        . = ALIGN (0x4)
                0x080046c0                        _etext = .

.vfp11_veneer   0x080046c0        0x0
 .vfp11_veneer  0x080046c0        0x0 linker stubs

.v4_bx          0x080046c0        0x0
 .v4_bx         0x080046c0        0x0 linker stubs

.iplt           0x080046c0        0x0
 .iplt          0x080046c0        0x0 /Applications/STM32CubeIDE.app/Contents/Eclipse/plugins/com.st.stm32cube.ide.mcu.externaltools.gnu-tools-for-stm32.13.3.rel1.macos64_1.0.0.202411102158/tools/bin/../lib/gcc/arm-none-eabi/13.3.1/thumb/v7e-m+fp/hard/crtbegin.o

.rodata         0x080046c0      0x1a8
                0x080046c0                        . = ALIGN (0x4)
 *(.rodata)
 *(.rodata*)
 .rodata.AHBPrescTable
                0x080046c0       0x10 ./Core/Src/system_stm32f4xx.o
                0x080046c0                AHBPrescTable
 .rodata.g_adc_sensors_configuration
                0x080046d0       0x30 ./Project_Configs/adc_sensor_driver_cfg/adc_sensor_driver_cfg.o
                0x080046d0                g_adc_sensors_configuration
 .rodata.g_buck_converter_config
                0x08004700       0x18 ./Project_Configs/app_buck_converter_cfg/app_buck_converter_cfg.o
                0x08004700                g_buck_converter_config
 .rodata.m_can_tx_messages_config
                0x08004718       0x24 ./Project_Configs/bsp_can_cfg/bsp_can_cfg.o
 .rodata.g_bsp_can_configurations
                0x0800473c       0x1c ./Project_Configs/bsp_can_cfg/bsp_can_cfg.o
                0x0800473c                g_bsp_can_configurations
 .rodata.m_can_pins_alternate
                0x08004758        0x4 ./Project_Configs/bsp_gpio_cfg/bsp_gpio_cfg.o
 .rodata.g_pin_cfg_container
                0x0800475c       0x30 ./Project_Configs/bsp_gpio_cfg/bsp_gpio_cfg.o
                0x0800475c                g_pin_cfg_container
 .rodata.m_bsp_pwm_channel_info
                0x0800478c        0x8 ./Project_Configs/bsp_pwm_config/bsp_pwm_cfg.o
 .rodata.g_bsp_pwm_timer_configs
                0x08004794       0x1c ./Project_Configs/bsp_pwm_config/bsp_pwm_cfg.o
                0x08004794                g_bsp_pwm_timer_configs
 .rodata.m_com_periodic_voltage_current_system_info_message
                0x080047b0        0x4 ./Project_Configs/com_driver_cfg/com_driver_cfg.o
 .rodata.m_com_signals_of_voltage_info_message
                0x080047b4       0x18 ./Project_Configs/com_driver_cfg/com_driver_cfg.o
 .rodata.m_com_signals_of_current_info_message
                0x080047cc       0x18 ./Project_Configs/com_driver_cfg/com_driver_cfg.o
 .rodata.m_com_signals_of_system_info_message
                0x080047e4       0x24 ./Project_Configs/com_driver_cfg/com_driver_cfg.o
 .rodata.m_com_messages
                0x08004808       0x3c ./Project_Configs/com_driver_cfg/com_driver_cfg.o
 .rodata.g_com_message_configs
                0x08004844        0x4 ./Project_Configs/com_driver_cfg/com_driver_cfg.o
                0x08004844                g_com_message_configs
 .rodata.m_software_timers_configs
                0x08004848       0x18 ./Project_Configs/software_timer_cfg/software_timer_cfg.o
 .rodata.g_software_timer_general_config
                0x08004860        0x8 ./Project_Configs/software_timer_cfg/software_timer_cfg.o
                0x08004860                g_software_timer_general_config
                0x08004868                        . = ALIGN (0x4)

.ARM.extab      0x08004868        0x0
                0x08004868                        . = ALIGN (0x4)
 *(.ARM.extab* .gnu.linkonce.armextab.*)
                0x08004868                        . = ALIGN (0x4)

.ARM            0x08004868        0x8
                0x08004868                        . = ALIGN (0x4)
                0x08004868                        __exidx_start = .
 *(.ARM.exidx*)
 .ARM.exidx     0x08004868        0x8 /Applications/STM32CubeIDE.app/Contents/Eclipse/plugins/com.st.stm32cube.ide.mcu.externaltools.gnu-tools-for-stm32.13.3.rel1.macos64_1.0.0.202411102158/tools/bin/../lib/gcc/arm-none-eabi/13.3.1/thumb/v7e-m+fp/hard/libgcc.a(_udivmoddi4.o)
                0x08004870                        __exidx_end = .
                0x08004870                        . = ALIGN (0x4)

.preinit_array  0x08004870        0x0
                0x08004870                        . = ALIGN (0x4)
                0x08004870                        PROVIDE (__preinit_array_start = .)
 *(.preinit_array*)
                0x08004870                        PROVIDE (__preinit_array_end = .)
                0x08004870                        . = ALIGN (0x4)

.init_array     0x08004870        0x4
                0x08004870                        . = ALIGN (0x4)
                0x08004870                        PROVIDE (__init_array_start = .)
 *(SORT_BY_NAME(.init_array.*))
 *(.init_array*)
 .init_array    0x08004870        0x4 /Applications/STM32CubeIDE.app/Contents/Eclipse/plugins/com.st.stm32cube.ide.mcu.externaltools.gnu-tools-for-stm32.13.3.rel1.macos64_1.0.0.202411102158/tools/bin/../lib/gcc/arm-none-eabi/13.3.1/thumb/v7e-m+fp/hard/crtbegin.o
                0x08004874                        PROVIDE (__init_array_end = .)
                0x08004874                        . = ALIGN (0x4)

.fini_array     0x08004874        0x4
                0x08004874                        . = ALIGN (0x4)
                [!provide]                        PROVIDE (__fini_array_start = .)
 *(SORT_BY_NAME(.fini_array.*))
 *(.fini_array*)
 .fini_array    0x08004874        0x4 /Applications/STM32CubeIDE.app/Contents/Eclipse/plugins/com.st.stm32cube.ide.mcu.externaltools.gnu-tools-for-stm32.13.3.rel1.macos64_1.0.0.202411102158/tools/bin/../lib/gcc/arm-none-eabi/13.3.1/thumb/v7e-m+fp/hard/crtbegin.o
                [!provide]                        PROVIDE (__fini_array_end = .)
                0x08004878                        . = ALIGN (0x4)
                0x08004878                        _sidata = LOADADDR (.data)

.rel.dyn        0x08004878        0x0
 .rel.iplt      0x08004878        0x0 /Applications/STM32CubeIDE.app/Contents/Eclipse/plugins/com.st.stm32cube.ide.mcu.externaltools.gnu-tools-for-stm32.13.3.rel1.macos64_1.0.0.202411102158/tools/bin/../lib/gcc/arm-none-eabi/13.3.1/thumb/v7e-m+fp/hard/crtbegin.o

.data           0x20000000       0x64 load address 0x08004878
                0x20000000                        . = ALIGN (0x4)
                0x20000000                        _sdata = .
 *(.data)
 *(.data*)
 .data.SystemCoreClock
                0x20000000        0x4 ./Core/Src/system_stm32f4xx.o
                0x20000000                SystemCoreClock
 .data.uwTickPrio
                0x20000004        0x4 ./Drivers/STM32F4xx_HAL_Driver/Src/stm32f4xx_hal.o
                0x20000004                uwTickPrio
 .data.uwTickFreq
                0x20000008        0x1 ./Drivers/STM32F4xx_HAL_Driver/Src/stm32f4xx_hal.o
                0x20000008                uwTickFreq
 *fill*         0x20000009        0x3 
 .data.m_pid_voltage_controller
                0x2000000c       0x2c ./Project_Configs/app_buck_converter_cfg/app_buck_converter_cfg.o
 .data.m_pid_current_controller
                0x20000038       0x2c ./Project_Configs/app_buck_converter_cfg/app_buck_converter_cfg.o
 *(.RamFunc)
 *(.RamFunc*)
                0x20000064                        . = ALIGN (0x4)
                0x20000064                        _edata = .
                0x080048dc                        _siccmram = LOADADDR (.ccmram)

.igot.plt       0x20000064        0x0 load address 0x080048dc
 .igot.plt      0x20000064        0x0 /Applications/STM32CubeIDE.app/Contents/Eclipse/plugins/com.st.stm32cube.ide.mcu.externaltools.gnu-tools-for-stm32.13.3.rel1.macos64_1.0.0.202411102158/tools/bin/../lib/gcc/arm-none-eabi/13.3.1/thumb/v7e-m+fp/hard/crtbegin.o

.ccmram         0x10000000        0x0 load address 0x080048dc
                0x10000000                        . = ALIGN (0x4)
                0x10000000                        _sccmram = .
 *(.ccmram)
 *(.ccmram*)
                0x10000000                        . = ALIGN (0x4)
                0x10000000                        _eccmram = .
                0x10000000                        . = ALIGN (0x4)

.bss            0x20000064      0x13c
                0x20000064                        _sbss = .
                0x20000064                        __bss_start__ = _sbss
 *(.bss)
 .bss           0x20000064       0x1c /Applications/STM32CubeIDE.app/Contents/Eclipse/plugins/com.st.stm32cube.ide.mcu.externaltools.gnu-tools-for-stm32.13.3.rel1.macos64_1.0.0.202411102158/tools/bin/../lib/gcc/arm-none-eabi/13.3.1/thumb/v7e-m+fp/hard/crtbegin.o
 *(.bss*)
 .bss.uwTick    0x20000080        0x4 ./Drivers/STM32F4xx_HAL_Driver/Src/stm32f4xx_hal.o
                0x20000080                uwTick
 .bss.m_buck_converter_cfg
                0x20000084        0x4 ./Source/application/app_buck_converter/app_buck_converter.o
 .bss.is_cricial_error_detected
                0x20000088        0x1 ./Source/application/app_buck_converter/app_buck_converter.o
 *fill*         0x20000089        0x1 
 .bss.over_curent_detect_cnt.0
                0x2000008a        0x2 ./Source/application/app_buck_converter/app_buck_converter.o
 .bss.m_hadc1   0x2000008c       0x48 ./Source/bsp/bsp_adc/bsp_adc.o
 .bss.m_can_driver
                0x200000d4       0x28 ./Source/bsp/bsp_can/bsp_can.o
 .bss.m_bsp_can_config_ptr
                0x200000fc        0x4 ./Source/bsp/bsp_can/bsp_can.o
 .bss.m_bsp_can_tx_header
                0x20000100       0x18 ./Source/bsp/bsp_can/bsp_can.o
 .bss.m_mailbox
                0x20000118        0x4 ./Source/bsp/bsp_can/bsp_can.o
 .bss.m_last_gpio_pin_config_ptr
                0x2000011c        0x4 ./Source/bsp/bsp_gpio/bsp_gpio.o
 .bss.m_htim    0x20000120       0x48 ./Source/bsp/bsp_pwm/bsp_pwm.o
 .bss.m_last_bsp_pwm_config_ptr
                0x20000168        0x4 ./Source/bsp/bsp_pwm/bsp_pwm.o
 .bss.m_adc_sensor_driver_configs_ptr
                0x2000016c        0x4 ./Source/device_drivers/adc_sensor_driver/adc_sensor_driver.o
 .bss.m_com_message_buffer
                0x20000170        0x0 ./Source/device_drivers/communication_driver/com_driver.o
 .bss.m_com_configs_ptr
                0x20000170        0x4 ./Source/device_drivers/communication_driver/com_driver.o
 .bss.m_software_timers
                0x20000174       0x24 ./Source/device_drivers/software_timer/software_timer.o
 .bss.m_software_timer_general_config_ptr
                0x20000198        0x4 ./Source/device_drivers/software_timer/software_timer.o
 .bss.m_system_errors
                0x2000019c        0x1 ./Source/system/error_manager/error_manager.o
                0x2000019c                m_system_errors
 .bss.m_system_state
                0x2000019d        0x1 ./Source/system/system_manager/system_manager.o
 *(COMMON)
                0x200001a0                        . = ALIGN (0x4)
 *fill*         0x2000019e        0x2 
                0x200001a0                        _ebss = .
                0x200001a0                        __bss_end__ = _ebss

._user_heap_stack
                0x200001a0      0x600
                0x200001a0                        . = ALIGN (0x8)
                [!provide]                        PROVIDE (end = .)
                0x200001a0                        PROVIDE (_end = .)
                0x200003a0                        . = (. + _Min_Heap_Size)
 *fill*         0x200001a0      0x200 
                0x200007a0                        . = (. + _Min_Stack_Size)
 *fill*         0x200003a0      0x400 
                0x200007a0                        . = ALIGN (0x8)

/DISCARD/
 libc.a(*)
 libm.a(*)
 libgcc.a(*)

.ARM.attributes
                0x00000000       0x30
 *(.ARM.attributes)
 .ARM.attributes
                0x00000000       0x22 /Applications/STM32CubeIDE.app/Contents/Eclipse/plugins/com.st.stm32cube.ide.mcu.externaltools.gnu-tools-for-stm32.13.3.rel1.macos64_1.0.0.202411102158/tools/bin/../lib/gcc/arm-none-eabi/13.3.1/thumb/v7e-m+fp/hard/crti.o
 .ARM.attributes
                0x00000022       0x34 /Applications/STM32CubeIDE.app/Contents/Eclipse/plugins/com.st.stm32cube.ide.mcu.externaltools.gnu-tools-for-stm32.13.3.rel1.macos64_1.0.0.202411102158/tools/bin/../lib/gcc/arm-none-eabi/13.3.1/thumb/v7e-m+fp/hard/crtbegin.o
 .ARM.attributes
                0x00000056       0x34 ./Core/Src/main.o
 .ARM.attributes
                0x0000008a       0x34 ./Core/Src/stm32f4xx_hal_msp.o
 .ARM.attributes
                0x000000be       0x34 ./Core/Src/stm32f4xx_it.o
 .ARM.attributes
                0x000000f2       0x34 ./Core/Src/system_stm32f4xx.o
 .ARM.attributes
                0x00000126       0x21 ./Core/Startup/startup_stm32f407ighx.o
 .ARM.attributes
                0x00000147       0x34 ./Drivers/STM32F4xx_HAL_Driver/Src/stm32f4xx_hal.o
 .ARM.attributes
                0x0000017b       0x34 ./Drivers/STM32F4xx_HAL_Driver/Src/stm32f4xx_hal_adc.o
 .ARM.attributes
                0x000001af       0x34 ./Drivers/STM32F4xx_HAL_Driver/Src/stm32f4xx_hal_can.o
 .ARM.attributes
                0x000001e3       0x34 ./Drivers/STM32F4xx_HAL_Driver/Src/stm32f4xx_hal_cortex.o
 .ARM.attributes
                0x00000217       0x34 ./Drivers/STM32F4xx_HAL_Driver/Src/stm32f4xx_hal_gpio.o
 .ARM.attributes
                0x0000024b       0x34 ./Drivers/STM32F4xx_HAL_Driver/Src/stm32f4xx_hal_rcc.o
 .ARM.attributes
                0x0000027f       0x34 ./Drivers/STM32F4xx_HAL_Driver/Src/stm32f4xx_hal_tim.o
 .ARM.attributes
                0x000002b3       0x34 ./Drivers/STM32F4xx_HAL_Driver/Src/stm32f4xx_hal_tim_ex.o
 .ARM.attributes
                0x000002e7       0x34 ./Project_Configs/adc_sensor_driver_cfg/adc_sensor_driver_cfg.o
 .ARM.attributes
                0x0000031b       0x34 ./Project_Configs/app_buck_converter_cfg/app_buck_converter_cfg.o
 .ARM.attributes
                0x0000034f       0x34 ./Project_Configs/bsp_can_cfg/bsp_can_cfg.o
 .ARM.attributes
                0x00000383       0x34 ./Project_Configs/bsp_gpio_cfg/bsp_gpio_cfg.o
 .ARM.attributes
                0x000003b7       0x34 ./Project_Configs/bsp_pwm_config/bsp_pwm_cfg.o
 .ARM.attributes
                0x000003eb       0x34 ./Project_Configs/com_driver_cfg/com_driver_cfg.o
 .ARM.attributes
                0x0000041f       0x34 ./Project_Configs/software_timer_cfg/software_timer_cfg.o
 .ARM.attributes
                0x00000453       0x34 ./Source/application/app_buck_converter/app_buck_converter.o
 .ARM.attributes
                0x00000487       0x34 ./Source/bsp/bsp_adc/bsp_adc.o
 .ARM.attributes
                0x000004bb       0x34 ./Source/bsp/bsp_can/bsp_can.o
 .ARM.attributes
                0x000004ef       0x34 ./Source/bsp/bsp_gpio/bsp_gpio.o
 .ARM.attributes
                0x00000523       0x34 ./Source/bsp/bsp_pwm/bsp_pwm.o
 .ARM.attributes
                0x00000557       0x34 ./Source/device_drivers/adc_sensor_driver/adc_sensor_driver.o
 .ARM.attributes
                0x0000058b       0x34 ./Source/device_drivers/communication_driver/com_driver.o
 .ARM.attributes
                0x000005bf       0x34 ./Source/device_drivers/software_timer/software_timer.o
 .ARM.attributes
                0x000005f3       0x34 ./Source/libraries/pid_controller/pid_controller.o
 .ARM.attributes
                0x00000627       0x34 ./Source/system/error_manager/error_manager.o
 .ARM.attributes
                0x0000065b       0x34 ./Source/system/system_manager/system_manager.o
 .ARM.attributes
                0x0000068f       0x34 /Applications/STM32CubeIDE.app/Contents/Eclipse/plugins/com.st.stm32cube.ide.mcu.externaltools.gnu-tools-for-stm32.13.3.rel1.macos64_1.0.0.202411102158/tools/bin/../lib/gcc/arm-none-eabi/13.3.1/../../../../arm-none-eabi/lib/thumb/v7e-m+fp/hard/libc_nano.a(libc_a-memset.o)
 .ARM.attributes
                0x000006c3       0x34 /Applications/STM32CubeIDE.app/Contents/Eclipse/plugins/com.st.stm32cube.ide.mcu.externaltools.gnu-tools-for-stm32.13.3.rel1.macos64_1.0.0.202411102158/tools/bin/../lib/gcc/arm-none-eabi/13.3.1/../../../../arm-none-eabi/lib/thumb/v7e-m+fp/hard/libc_nano.a(libc_a-init.o)
 .ARM.attributes
                0x000006f7       0x22 /Applications/STM32CubeIDE.app/Contents/Eclipse/plugins/com.st.stm32cube.ide.mcu.externaltools.gnu-tools-for-stm32.13.3.rel1.macos64_1.0.0.202411102158/tools/bin/../lib/gcc/arm-none-eabi/13.3.1/thumb/v7e-m+fp/hard/libgcc.a(_aeabi_uldivmod.o)
 .ARM.attributes
                0x00000719       0x34 /Applications/STM32CubeIDE.app/Contents/Eclipse/plugins/com.st.stm32cube.ide.mcu.externaltools.gnu-tools-for-stm32.13.3.rel1.macos64_1.0.0.202411102158/tools/bin/../lib/gcc/arm-none-eabi/13.3.1/thumb/v7e-m+fp/hard/libgcc.a(_udivmoddi4.o)
 .ARM.attributes
                0x0000074d       0x22 /Applications/STM32CubeIDE.app/Contents/Eclipse/plugins/com.st.stm32cube.ide.mcu.externaltools.gnu-tools-for-stm32.13.3.rel1.macos64_1.0.0.202411102158/tools/bin/../lib/gcc/arm-none-eabi/13.3.1/thumb/v7e-m+fp/hard/libgcc.a(_dvmd_tls.o)
 .ARM.attributes
                0x0000076f       0x22 /Applications/STM32CubeIDE.app/Contents/Eclipse/plugins/com.st.stm32cube.ide.mcu.externaltools.gnu-tools-for-stm32.13.3.rel1.macos64_1.0.0.202411102158/tools/bin/../lib/gcc/arm-none-eabi/13.3.1/thumb/v7e-m+fp/hard/crtn.o
OUTPUT(saykal_buck_converter.elf elf32-littlearm)
LOAD linker stubs
LOAD /Applications/STM32CubeIDE.app/Contents/Eclipse/plugins/com.st.stm32cube.ide.mcu.externaltools.gnu-tools-for-stm32.13.3.rel1.macos64_1.0.0.202411102158/tools/bin/../lib/gcc/arm-none-eabi/13.3.1/../../../../arm-none-eabi/lib/thumb/v7e-m+fp/hard/libc.a
LOAD /Applications/STM32CubeIDE.app/Contents/Eclipse/plugins/com.st.stm32cube.ide.mcu.externaltools.gnu-tools-for-stm32.13.3.rel1.macos64_1.0.0.202411102158/tools/bin/../lib/gcc/arm-none-eabi/13.3.1/../../../../arm-none-eabi/lib/thumb/v7e-m+fp/hard/libm.a
LOAD /Applications/STM32CubeIDE.app/Contents/Eclipse/plugins/com.st.stm32cube.ide.mcu.externaltools.gnu-tools-for-stm32.13.3.rel1.macos64_1.0.0.202411102158/tools/bin/../lib/gcc/arm-none-eabi/13.3.1/thumb/v7e-m+fp/hard/libgcc.a

.debug_info     0x00000000     0xf175
 .debug_info    0x00000000       0x96 ./Core/Src/main.o
 .debug_info    0x00000096     0x10dd ./Core/Src/stm32f4xx_hal_msp.o
 .debug_info    0x00001173      0x112 ./Core/Src/stm32f4xx_it.o
 .debug_info    0x00001285      0x512 ./Core/Src/system_stm32f4xx.o
 .debug_info    0x00001797       0x30 ./Core/Startup/startup_stm32f407ighx.o
 .debug_info    0x000017c7      0x944 ./Drivers/STM32F4xx_HAL_Driver/Src/stm32f4xx_hal.o
 .debug_info    0x0000210b      0xce3 ./Drivers/STM32F4xx_HAL_Driver/Src/stm32f4xx_hal_adc.o
 .debug_info    0x00002dee      0xf49 ./Drivers/STM32F4xx_HAL_Driver/Src/stm32f4xx_hal_can.o
 .debug_info    0x00003d37      0xd8c ./Drivers/STM32F4xx_HAL_Driver/Src/stm32f4xx_hal_cortex.o
 .debug_info    0x00004ac3      0x6c3 ./Drivers/STM32F4xx_HAL_Driver/Src/stm32f4xx_hal_gpio.o
 .debug_info    0x00005186      0x8c3 ./Drivers/STM32F4xx_HAL_Driver/Src/stm32f4xx_hal_rcc.o
 .debug_info    0x00005a49     0x299d ./Drivers/STM32F4xx_HAL_Driver/Src/stm32f4xx_hal_tim.o
 .debug_info    0x000083e6     0x14db ./Drivers/STM32F4xx_HAL_Driver/Src/stm32f4xx_hal_tim_ex.o
 .debug_info    0x000098c1      0x16f ./Project_Configs/adc_sensor_driver_cfg/adc_sensor_driver_cfg.o
 .debug_info    0x00009a30      0x1d9 ./Project_Configs/app_buck_converter_cfg/app_buck_converter_cfg.o
 .debug_info    0x00009c09      0x42d ./Project_Configs/bsp_can_cfg/bsp_can_cfg.o
 .debug_info    0x0000a036      0x200 ./Project_Configs/bsp_gpio_cfg/bsp_gpio_cfg.o
 .debug_info    0x0000a236      0x2c4 ./Project_Configs/bsp_pwm_config/bsp_pwm_cfg.o
 .debug_info    0x0000a4fa      0x36a ./Project_Configs/com_driver_cfg/com_driver_cfg.o
 .debug_info    0x0000a864      0x1ec ./Project_Configs/software_timer_cfg/software_timer_cfg.o
 .debug_info    0x0000aa50      0x406 ./Source/application/app_buck_converter/app_buck_converter.o
 .debug_info    0x0000ae56      0x7f3 ./Source/bsp/bsp_adc/bsp_adc.o
 .debug_info    0x0000b649      0x7b7 ./Source/bsp/bsp_can/bsp_can.o
 .debug_info    0x0000be00      0x5da ./Source/bsp/bsp_gpio/bsp_gpio.o
 .debug_info    0x0000c3da      0xd50 ./Source/bsp/bsp_pwm/bsp_pwm.o
 .debug_info    0x0000d12a      0x21b ./Source/device_drivers/adc_sensor_driver/adc_sensor_driver.o
 .debug_info    0x0000d345      0x574 ./Source/device_drivers/communication_driver/com_driver.o
 .debug_info    0x0000d8b9      0x339 ./Source/device_drivers/software_timer/software_timer.o
 .debug_info    0x0000dbf2      0x13a ./Source/libraries/pid_controller/pid_controller.o
 .debug_info    0x0000dd2c      0x163 ./Source/system/error_manager/error_manager.o
 .debug_info    0x0000de8f     0x12e6 ./Source/system/system_manager/system_manager.o

.debug_abbrev   0x00000000     0x2f51
 .debug_abbrev  0x00000000       0x5a ./Core/Src/main.o
 .debug_abbrev  0x0000005a      0x206 ./Core/Src/stm32f4xx_hal_msp.o
 .debug_abbrev  0x00000260       0x73 ./Core/Src/stm32f4xx_it.o
 .debug_abbrev  0x000002d3      0x11a ./Core/Src/system_stm32f4xx.o
 .debug_abbrev  0x000003ed       0x24 ./Core/Startup/startup_stm32f407ighx.o
 .debug_abbrev  0x00000411      0x214 ./Drivers/STM32F4xx_HAL_Driver/Src/stm32f4xx_hal.o
 .debug_abbrev  0x00000625      0x252 ./Drivers/STM32F4xx_HAL_Driver/Src/stm32f4xx_hal_adc.o
 .debug_abbrev  0x00000877      0x258 ./Drivers/STM32F4xx_HAL_Driver/Src/stm32f4xx_hal_can.o
 .debug_abbrev  0x00000acf      0x31d ./Drivers/STM32F4xx_HAL_Driver/Src/stm32f4xx_hal_cortex.o
 .debug_abbrev  0x00000dec      0x1d4 ./Drivers/STM32F4xx_HAL_Driver/Src/stm32f4xx_hal_gpio.o
 .debug_abbrev  0x00000fc0      0x2b7 ./Drivers/STM32F4xx_HAL_Driver/Src/stm32f4xx_hal_rcc.o
 .debug_abbrev  0x00001277      0x278 ./Drivers/STM32F4xx_HAL_Driver/Src/stm32f4xx_hal_tim.o
 .debug_abbrev  0x000014ef      0x283 ./Drivers/STM32F4xx_HAL_Driver/Src/stm32f4xx_hal_tim_ex.o
 .debug_abbrev  0x00001772       0xea ./Project_Configs/adc_sensor_driver_cfg/adc_sensor_driver_cfg.o
 .debug_abbrev  0x0000185c       0xa1 ./Project_Configs/app_buck_converter_cfg/app_buck_converter_cfg.o
 .debug_abbrev  0x000018fd      0x13a ./Project_Configs/bsp_can_cfg/bsp_can_cfg.o
 .debug_abbrev  0x00001a37       0xfc ./Project_Configs/bsp_gpio_cfg/bsp_gpio_cfg.o
 .debug_abbrev  0x00001b33       0xec ./Project_Configs/bsp_pwm_config/bsp_pwm_cfg.o
 .debug_abbrev  0x00001c1f       0xc1 ./Project_Configs/com_driver_cfg/com_driver_cfg.o
 .debug_abbrev  0x00001ce0      0x115 ./Project_Configs/software_timer_cfg/software_timer_cfg.o
 .debug_abbrev  0x00001df5      0x148 ./Source/application/app_buck_converter/app_buck_converter.o
 .debug_abbrev  0x00001f3d      0x1a8 ./Source/bsp/bsp_adc/bsp_adc.o
 .debug_abbrev  0x000020e5      0x1df ./Source/bsp/bsp_can/bsp_can.o
 .debug_abbrev  0x000022c4      0x1ea ./Source/bsp/bsp_gpio/bsp_gpio.o
 .debug_abbrev  0x000024ae      0x225 ./Source/bsp/bsp_pwm/bsp_pwm.o
 .debug_abbrev  0x000026d3      0x10a ./Source/device_drivers/adc_sensor_driver/adc_sensor_driver.o
 .debug_abbrev  0x000027dd      0x1ef ./Source/device_drivers/communication_driver/com_driver.o
 .debug_abbrev  0x000029cc      0x14b ./Source/device_drivers/software_timer/software_timer.o
 .debug_abbrev  0x00002b17       0xb1 ./Source/libraries/pid_controller/pid_controller.o
 .debug_abbrev  0x00002bc8       0xd7 ./Source/system/error_manager/error_manager.o
 .debug_abbrev  0x00002c9f      0x2b2 ./Source/system/system_manager/system_manager.o

.debug_aranges  0x00000000      0xec0
 .debug_aranges
                0x00000000       0x20 ./Core/Src/main.o
 .debug_aranges
                0x00000020       0x50 ./Core/Src/stm32f4xx_hal_msp.o
 .debug_aranges
                0x00000070       0x60 ./Core/Src/stm32f4xx_it.o
 .debug_aranges
                0x000000d0       0x28 ./Core/Src/system_stm32f4xx.o
 .debug_aranges
                0x000000f8       0x28 ./Core/Startup/startup_stm32f407ighx.o
 .debug_aranges
                0x00000120       0xf0 ./Drivers/STM32F4xx_HAL_Driver/Src/stm32f4xx_hal.o
 .debug_aranges
                0x00000210       0xe8 ./Drivers/STM32F4xx_HAL_Driver/Src/stm32f4xx_hal_adc.o
 .debug_aranges
                0x000002f8      0x138 ./Drivers/STM32F4xx_HAL_Driver/Src/stm32f4xx_hal_can.o
 .debug_aranges
                0x00000430      0x130 ./Drivers/STM32F4xx_HAL_Driver/Src/stm32f4xx_hal_cortex.o
 .debug_aranges
                0x00000560       0x58 ./Drivers/STM32F4xx_HAL_Driver/Src/stm32f4xx_hal_gpio.o
 .debug_aranges
                0x000005b8       0x88 ./Drivers/STM32F4xx_HAL_Driver/Src/stm32f4xx_hal_rcc.o
 .debug_aranges
                0x00000640      0x3d0 ./Drivers/STM32F4xx_HAL_Driver/Src/stm32f4xx_hal_tim.o
 .debug_aranges
                0x00000a10      0x168 ./Drivers/STM32F4xx_HAL_Driver/Src/stm32f4xx_hal_tim_ex.o
 .debug_aranges
                0x00000b78       0x18 ./Project_Configs/adc_sensor_driver_cfg/adc_sensor_driver_cfg.o
 .debug_aranges
                0x00000b90       0x18 ./Project_Configs/app_buck_converter_cfg/app_buck_converter_cfg.o
 .debug_aranges
                0x00000ba8       0x18 ./Project_Configs/bsp_can_cfg/bsp_can_cfg.o
 .debug_aranges
                0x00000bc0       0x18 ./Project_Configs/bsp_gpio_cfg/bsp_gpio_cfg.o
 .debug_aranges
                0x00000bd8       0x18 ./Project_Configs/bsp_pwm_config/bsp_pwm_cfg.o
 .debug_aranges
                0x00000bf0       0x18 ./Project_Configs/com_driver_cfg/com_driver_cfg.o
 .debug_aranges
                0x00000c08       0x18 ./Project_Configs/software_timer_cfg/software_timer_cfg.o
 .debug_aranges
                0x00000c20       0x30 ./Source/application/app_buck_converter/app_buck_converter.o
 .debug_aranges
                0x00000c50       0x50 ./Source/bsp/bsp_adc/bsp_adc.o
 .debug_aranges
                0x00000ca0       0x30 ./Source/bsp/bsp_can/bsp_can.o
 .debug_aranges
                0x00000cd0       0x40 ./Source/bsp/bsp_gpio/bsp_gpio.o
 .debug_aranges
                0x00000d10       0x50 ./Source/bsp/bsp_pwm/bsp_pwm.o
 .debug_aranges
                0x00000d60       0x28 ./Source/device_drivers/adc_sensor_driver/adc_sensor_driver.o
 .debug_aranges
                0x00000d88       0x50 ./Source/device_drivers/communication_driver/com_driver.o
 .debug_aranges
                0x00000dd8       0x48 ./Source/device_drivers/software_timer/software_timer.o
 .debug_aranges
                0x00000e20       0x20 ./Source/libraries/pid_controller/pid_controller.o
 .debug_aranges
                0x00000e40       0x48 ./Source/system/error_manager/error_manager.o
 .debug_aranges
                0x00000e88       0x38 ./Source/system/system_manager/system_manager.o

.debug_rnglists
                0x00000000      0xab6
 .debug_rnglists
                0x00000000       0x13 ./Core/Src/main.o
 .debug_rnglists
                0x00000013       0x38 ./Core/Src/stm32f4xx_hal_msp.o
 .debug_rnglists
                0x0000004b       0x43 ./Core/Src/stm32f4xx_it.o
 .debug_rnglists
                0x0000008e       0x1a ./Core/Src/system_stm32f4xx.o
 .debug_rnglists
                0x000000a8       0x19 ./Core/Startup/startup_stm32f407ighx.o
 .debug_rnglists
                0x000000c1       0xaf ./Drivers/STM32F4xx_HAL_Driver/Src/stm32f4xx_hal.o
 .debug_rnglists
                0x00000170       0xb5 ./Drivers/STM32F4xx_HAL_Driver/Src/stm32f4xx_hal_adc.o
 .debug_rnglists
                0x00000225       0xee ./Drivers/STM32F4xx_HAL_Driver/Src/stm32f4xx_hal_can.o
 .debug_rnglists
                0x00000313       0xe0 ./Drivers/STM32F4xx_HAL_Driver/Src/stm32f4xx_hal_cortex.o
 .debug_rnglists
                0x000003f3       0x3f ./Drivers/STM32F4xx_HAL_Driver/Src/stm32f4xx_hal_gpio.o
 .debug_rnglists
                0x00000432       0x66 ./Drivers/STM32F4xx_HAL_Driver/Src/stm32f4xx_hal_rcc.o
 .debug_rnglists
                0x00000498      0x31a ./Drivers/STM32F4xx_HAL_Driver/Src/stm32f4xx_hal_tim.o
 .debug_rnglists
                0x000007b2      0x125 ./Drivers/STM32F4xx_HAL_Driver/Src/stm32f4xx_hal_tim_ex.o
 .debug_rnglists
                0x000008d7       0x20 ./Source/application/app_buck_converter/app_buck_converter.o
 .debug_rnglists
                0x000008f7       0x37 ./Source/bsp/bsp_adc/bsp_adc.o
 .debug_rnglists
                0x0000092e       0x21 ./Source/bsp/bsp_can/bsp_can.o
 .debug_rnglists
                0x0000094f       0x2d ./Source/bsp/bsp_gpio/bsp_gpio.o
 .debug_rnglists
                0x0000097c       0x3e ./Source/bsp/bsp_pwm/bsp_pwm.o
 .debug_rnglists
                0x000009ba       0x1a ./Source/device_drivers/adc_sensor_driver/adc_sensor_driver.o
 .debug_rnglists
                0x000009d4       0x37 ./Source/device_drivers/communication_driver/com_driver.o
 .debug_rnglists
                0x00000a0b       0x32 ./Source/device_drivers/software_timer/software_timer.o
 .debug_rnglists
                0x00000a3d       0x14 ./Source/libraries/pid_controller/pid_controller.o
 .debug_rnglists
                0x00000a51       0x31 ./Source/system/error_manager/error_manager.o
 .debug_rnglists
                0x00000a82       0x34 ./Source/system/system_manager/system_manager.o

.debug_macro    0x00000000    0x2379e
 .debug_macro   0x00000000      0x222 ./Core/Src/main.o
 .debug_macro   0x00000222      0xad8 ./Core/Src/main.o
 .debug_macro   0x00000cfa      0x2a1 ./Core/Src/main.o
 .debug_macro   0x00000f9b       0x2e ./Core/Src/main.o
 .debug_macro   0x00000fc9       0x2f ./Core/Src/main.o
 .debug_macro   0x00000ff8       0x22 ./Core/Src/main.o
 .debug_macro   0x0000101a       0x8e ./Core/Src/main.o
 .debug_macro   0x000010a8       0x51 ./Core/Src/main.o
 .debug_macro   0x000010f9      0x103 ./Core/Src/main.o
 .debug_macro   0x000011fc       0x6a ./Core/Src/main.o
 .debug_macro   0x00001266      0x1df ./Core/Src/main.o
 .debug_macro   0x00001445       0x1c ./Core/Src/main.o
 .debug_macro   0x00001461       0x22 ./Core/Src/main.o
 .debug_macro   0x00001483       0xfb ./Core/Src/main.o
 .debug_macro   0x0000157e     0x1011 ./Core/Src/main.o
 .debug_macro   0x0000258f      0x11f ./Core/Src/main.o
 .debug_macro   0x000026ae    0x15ea5 ./Core/Src/main.o
 .debug_macro   0x00018553       0x6d ./Core/Src/main.o
 .debug_macro   0x000185c0     0x3693 ./Core/Src/main.o
 .debug_macro   0x0001bc53      0x190 ./Core/Src/main.o
 .debug_macro   0x0001bde3       0x5c ./Core/Src/main.o
 .debug_macro   0x0001be3f      0x980 ./Core/Src/main.o
 .debug_macro   0x0001c7bf      0x9e9 ./Core/Src/main.o
 .debug_macro   0x0001d1a8      0x115 ./Core/Src/main.o
 .debug_macro   0x0001d2bd      0x13e ./Core/Src/main.o
 .debug_macro   0x0001d3fb       0xa5 ./Core/Src/main.o
 .debug_macro   0x0001d4a0      0x174 ./Core/Src/main.o
 .debug_macro   0x0001d614      0x287 ./Core/Src/main.o
 .debug_macro   0x0001d89b       0x5f ./Core/Src/main.o
 .debug_macro   0x0001d8fa      0x236 ./Core/Src/main.o
 .debug_macro   0x0001db30      0xb5b ./Core/Src/main.o
 .debug_macro   0x0001e68b      0x38b ./Core/Src/main.o
 .debug_macro   0x0001ea16      0x176 ./Core/Src/main.o
 .debug_macro   0x0001eb8c       0xf9 ./Core/Src/main.o
 .debug_macro   0x0001ec85      0x40f ./Core/Src/main.o
 .debug_macro   0x0001f094      0x12c ./Core/Src/main.o
 .debug_macro   0x0001f1c0      0x21e ./Core/Src/main.o
 .debug_macro   0x0001f3de       0x2e ./Core/Src/main.o
 .debug_macro   0x0001f40c      0x127 ./Core/Src/main.o
 .debug_macro   0x0001f533       0x7e ./Core/Src/main.o
 .debug_macro   0x0001f5b1       0x89 ./Core/Src/main.o
 .debug_macro   0x0001f63a      0x8ed ./Core/Src/main.o
 .debug_macro   0x0001ff27       0x4d ./Core/Src/main.o
 .debug_macro   0x0001ff74      0x12d ./Core/Src/main.o
 .debug_macro   0x000200a1       0x22 ./Core/Src/main.o
 .debug_macro   0x000200c3       0x22 ./Core/Src/main.o
 .debug_macro   0x000200e5      0x200 ./Core/Src/stm32f4xx_hal_msp.o
 .debug_macro   0x000202e5      0x20a ./Core/Src/stm32f4xx_it.o
 .debug_macro   0x000204ef      0x1f6 ./Core/Src/system_stm32f4xx.o
 .debug_macro   0x000206e5      0x256 ./Drivers/STM32F4xx_HAL_Driver/Src/stm32f4xx_hal.o
 .debug_macro   0x0002093b      0x1f7 ./Drivers/STM32F4xx_HAL_Driver/Src/stm32f4xx_hal_adc.o
 .debug_macro   0x00020b32      0x205 ./Drivers/STM32F4xx_HAL_Driver/Src/stm32f4xx_hal_can.o
 .debug_macro   0x00020d37      0x1f6 ./Drivers/STM32F4xx_HAL_Driver/Src/stm32f4xx_hal_cortex.o
 .debug_macro   0x00020f2d      0x1fc ./Drivers/STM32F4xx_HAL_Driver/Src/stm32f4xx_hal_gpio.o
 .debug_macro   0x00021129      0x21a ./Drivers/STM32F4xx_HAL_Driver/Src/stm32f4xx_hal_rcc.o
 .debug_macro   0x00021343      0x1f7 ./Drivers/STM32F4xx_HAL_Driver/Src/stm32f4xx_hal_tim.o
 .debug_macro   0x0002153a      0x1f6 ./Drivers/STM32F4xx_HAL_Driver/Src/stm32f4xx_hal_tim_ex.o
 .debug_macro   0x00021730      0x217 ./Project_Configs/adc_sensor_driver_cfg/adc_sensor_driver_cfg.o
 .debug_macro   0x00021947       0x22 ./Project_Configs/adc_sensor_driver_cfg/adc_sensor_driver_cfg.o
 .debug_macro   0x00021969       0x8a ./Project_Configs/app_buck_converter_cfg/app_buck_converter_cfg.o
 .debug_macro   0x000219f3      0x212 ./Project_Configs/bsp_can_cfg/bsp_can_cfg.o
 .debug_macro   0x00021c05       0x1c ./Project_Configs/bsp_can_cfg/bsp_can_cfg.o
 .debug_macro   0x00021c21       0x52 ./Project_Configs/bsp_can_cfg/bsp_can_cfg.o
 .debug_macro   0x00021c73      0x209 ./Project_Configs/bsp_gpio_cfg/bsp_gpio_cfg.o
 .debug_macro   0x00021e7c      0x212 ./Project_Configs/bsp_pwm_config/bsp_pwm_cfg.o
 .debug_macro   0x0002208e       0x16 ./Project_Configs/bsp_pwm_config/bsp_pwm_cfg.o
 .debug_macro   0x000220a4       0x92 ./Project_Configs/com_driver_cfg/com_driver_cfg.o
 .debug_macro   0x00022136       0x22 ./Project_Configs/com_driver_cfg/com_driver_cfg.o
 .debug_macro   0x00022158      0x242 ./Project_Configs/software_timer_cfg/software_timer_cfg.o
 .debug_macro   0x0002239a       0x28 ./Project_Configs/software_timer_cfg/software_timer_cfg.o
 .debug_macro   0x000223c2      0x272 ./Source/application/app_buck_converter/app_buck_converter.o
 .debug_macro   0x00022634       0x22 ./Source/application/app_buck_converter/app_buck_converter.o
 .debug_macro   0x00022656      0x230 ./Source/bsp/bsp_adc/bsp_adc.o
 .debug_macro   0x00022886       0x1c ./Source/bsp/bsp_adc/bsp_adc.o
 .debug_macro   0x000228a2      0x22b ./Source/bsp/bsp_can/bsp_can.o
 .debug_macro   0x00022acd      0x227 ./Source/bsp/bsp_gpio/bsp_gpio.o
 .debug_macro   0x00022cf4      0x23a ./Source/bsp/bsp_pwm/bsp_pwm.o
 .debug_macro   0x00022f2e      0x22b ./Source/device_drivers/adc_sensor_driver/adc_sensor_driver.o
 .debug_macro   0x00023159      0x24e ./Source/device_drivers/communication_driver/com_driver.o
 .debug_macro   0x000233a7       0x97 ./Source/device_drivers/software_timer/software_timer.o
 .debug_macro   0x0002343e       0x1b ./Source/libraries/pid_controller/pid_controller.o
 .debug_macro   0x00023459       0xa1 ./Source/system/error_manager/error_manager.o
 .debug_macro   0x000234fa      0x2a4 ./Source/system/system_manager/system_manager.o

.debug_line     0x00000000    0x162e5
 .debug_line    0x00000000      0x89a ./Core/Src/main.o
 .debug_line    0x0000089a      0x7ed ./Core/Src/stm32f4xx_hal_msp.o
 .debug_line    0x00001087      0x7d0 ./Core/Src/stm32f4xx_it.o
 .debug_line    0x00001857      0x797 ./Core/Src/system_stm32f4xx.o
 .debug_line    0x00001fee       0x7a ./Core/Startup/startup_stm32f407ighx.o
 .debug_line    0x00002068      0xa13 ./Drivers/STM32F4xx_HAL_Driver/Src/stm32f4xx_hal.o
 .debug_line    0x00002a7b     0x122a ./Drivers/STM32F4xx_HAL_Driver/Src/stm32f4xx_hal_adc.o
 .debug_line    0x00003ca5     0x11d2 ./Drivers/STM32F4xx_HAL_Driver/Src/stm32f4xx_hal_can.o
 .debug_line    0x00004e77      0xce3 ./Drivers/STM32F4xx_HAL_Driver/Src/stm32f4xx_hal_cortex.o
 .debug_line    0x00005b5a      0xb6b ./Drivers/STM32F4xx_HAL_Driver/Src/stm32f4xx_hal_gpio.o
 .debug_line    0x000066c5      0xe22 ./Drivers/STM32F4xx_HAL_Driver/Src/stm32f4xx_hal_rcc.o
 .debug_line    0x000074e7     0x3788 ./Drivers/STM32F4xx_HAL_Driver/Src/stm32f4xx_hal_tim.o
 .debug_line    0x0000ac6f     0x1973 ./Drivers/STM32F4xx_HAL_Driver/Src/stm32f4xx_hal_tim_ex.o
 .debug_line    0x0000c5e2      0x8b9 ./Project_Configs/adc_sensor_driver_cfg/adc_sensor_driver_cfg.o
 .debug_line    0x0000ce9b      0x5c5 ./Project_Configs/app_buck_converter_cfg/app_buck_converter_cfg.o
 .debug_line    0x0000d460      0x86c ./Project_Configs/bsp_can_cfg/bsp_can_cfg.o
 .debug_line    0x0000dccc      0x7f3 ./Project_Configs/bsp_gpio_cfg/bsp_gpio_cfg.o
 .debug_line    0x0000e4bf      0x86c ./Project_Configs/bsp_pwm_config/bsp_pwm_cfg.o
 .debug_line    0x0000ed2b      0x5be ./Project_Configs/com_driver_cfg/com_driver_cfg.o
 .debug_line    0x0000f2e9      0xab2 ./Project_Configs/software_timer_cfg/software_timer_cfg.o
 .debug_line    0x0000fd9b      0xd6f ./Source/application/app_buck_converter/app_buck_converter.o
 .debug_line    0x00010b0a      0x915 ./Source/bsp/bsp_adc/bsp_adc.o
 .debug_line    0x0001141f      0x957 ./Source/bsp/bsp_can/bsp_can.o
 .debug_line    0x00011d76      0x935 ./Source/bsp/bsp_gpio/bsp_gpio.o
 .debug_line    0x000126ab      0xbc8 ./Source/bsp/bsp_pwm/bsp_pwm.o
 .debug_line    0x00013273      0x918 ./Source/device_drivers/adc_sensor_driver/adc_sensor_driver.o
 .debug_line    0x00013b8b      0xa94 ./Source/device_drivers/communication_driver/com_driver.o
 .debug_line    0x0001461f      0x5fb ./Source/device_drivers/software_timer/software_timer.o
 .debug_line    0x00014c1a       0xee ./Source/libraries/pid_controller/pid_controller.o
 .debug_line    0x00014d08      0x671 ./Source/system/error_manager/error_manager.o
 .debug_line    0x00015379      0xf6c ./Source/system/system_manager/system_manager.o

.debug_str      0x00000000    0xd65bb
 .debug_str     0x00000000    0xd65bb ./Core/Src/main.o
                              0xd0903 (size before relaxing)
 .debug_str     0x000d65bb    0xd1235 ./Core/Src/stm32f4xx_hal_msp.o
 .debug_str     0x000d65bb    0xd07dd ./Core/Src/stm32f4xx_it.o
 .debug_str     0x000d65bb    0xd0907 ./Core/Src/system_stm32f4xx.o
 .debug_str     0x000d65bb       0x94 ./Core/Startup/startup_stm32f407ighx.o
 .debug_str     0x000d65bb    0xd148b ./Drivers/STM32F4xx_HAL_Driver/Src/stm32f4xx_hal.o
 .debug_str     0x000d65bb    0xd0ef4 ./Drivers/STM32F4xx_HAL_Driver/Src/stm32f4xx_hal_adc.o
 .debug_str     0x000d65bb    0xd1001 ./Drivers/STM32F4xx_HAL_Driver/Src/stm32f4xx_hal_can.o
 .debug_str     0x000d65bb    0xd1207 ./Drivers/STM32F4xx_HAL_Driver/Src/stm32f4xx_hal_cortex.o
 .debug_str     0x000d65bb    0xd0a82 ./Drivers/STM32F4xx_HAL_Driver/Src/stm32f4xx_hal_gpio.o
 .debug_str     0x000d65bb    0xd0d3b ./Drivers/STM32F4xx_HAL_Driver/Src/stm32f4xx_hal_rcc.o
 .debug_str     0x000d65bb    0xd1c91 ./Drivers/STM32F4xx_HAL_Driver/Src/stm32f4xx_hal_tim.o
 .debug_str     0x000d65bb    0xd149d ./Drivers/STM32F4xx_HAL_Driver/Src/stm32f4xx_hal_tim_ex.o
 .debug_str     0x000d65bb    0xd0994 ./Project_Configs/adc_sensor_driver_cfg/adc_sensor_driver_cfg.o
 .debug_str     0x000d65bb     0x408b ./Project_Configs/app_buck_converter_cfg/app_buck_converter_cfg.o
 .debug_str     0x000d65bb    0xd0b6f ./Project_Configs/bsp_can_cfg/bsp_can_cfg.o
 .debug_str     0x000d65bb    0xd0857 ./Project_Configs/bsp_gpio_cfg/bsp_gpio_cfg.o
 .debug_str     0x000d65bb    0xd09aa ./Project_Configs/bsp_pwm_config/bsp_pwm_cfg.o
 .debug_str     0x000d65bb     0x457e ./Project_Configs/com_driver_cfg/com_driver_cfg.o
 .debug_str     0x000d65bb    0xd0d2d ./Project_Configs/software_timer_cfg/software_timer_cfg.o
 .debug_str     0x000d65bb    0xd1033 ./Source/application/app_buck_converter/app_buck_converter.o
 .debug_str     0x000d65bb    0xd0e75 ./Source/bsp/bsp_adc/bsp_adc.o
 .debug_str     0x000d65bb    0xd0dc6 ./Source/bsp/bsp_can/bsp_can.o
 .debug_str     0x000d65bb    0xd0b44 ./Source/bsp/bsp_gpio/bsp_gpio.o
 .debug_str     0x000d65bb    0xd1463 ./Source/bsp/bsp_pwm/bsp_pwm.o
 .debug_str     0x000d65bb    0xd0b12 ./Source/device_drivers/adc_sensor_driver/adc_sensor_driver.o
 .debug_str     0x000d65bb    0xd10ec ./Source/device_drivers/communication_driver/com_driver.o
 .debug_str     0x000d65bb     0x45bf ./Source/device_drivers/software_timer/software_timer.o
 .debug_str     0x000d65bb     0x2fbf ./Source/libraries/pid_controller/pid_controller.o
 .debug_str     0x000d65bb     0x421f ./Source/system/error_manager/error_manager.o
 .debug_str     0x000d65bb    0xd1e33 ./Source/system/system_manager/system_manager.o

.comment        0x00000000       0x43
 .comment       0x00000000       0x43 ./Core/Src/main.o
                                 0x44 (size before relaxing)
 .comment       0x00000043       0x44 ./Core/Src/stm32f4xx_hal_msp.o
 .comment       0x00000043       0x44 ./Core/Src/stm32f4xx_it.o
 .comment       0x00000043       0x44 ./Core/Src/system_stm32f4xx.o
 .comment       0x00000043       0x44 ./Drivers/STM32F4xx_HAL_Driver/Src/stm32f4xx_hal.o
 .comment       0x00000043       0x44 ./Drivers/STM32F4xx_HAL_Driver/Src/stm32f4xx_hal_adc.o
 .comment       0x00000043       0x44 ./Drivers/STM32F4xx_HAL_Driver/Src/stm32f4xx_hal_can.o
 .comment       0x00000043       0x44 ./Drivers/STM32F4xx_HAL_Driver/Src/stm32f4xx_hal_cortex.o
 .comment       0x00000043       0x44 ./Drivers/STM32F4xx_HAL_Driver/Src/stm32f4xx_hal_gpio.o
 .comment       0x00000043       0x44 ./Drivers/STM32F4xx_HAL_Driver/Src/stm32f4xx_hal_rcc.o
 .comment       0x00000043       0x44 ./Drivers/STM32F4xx_HAL_Driver/Src/stm32f4xx_hal_tim.o
 .comment       0x00000043       0x44 ./Drivers/STM32F4xx_HAL_Driver/Src/stm32f4xx_hal_tim_ex.o
 .comment       0x00000043       0x44 ./Project_Configs/adc_sensor_driver_cfg/adc_sensor_driver_cfg.o
 .comment       0x00000043       0x44 ./Project_Configs/app_buck_converter_cfg/app_buck_converter_cfg.o
 .comment       0x00000043       0x44 ./Project_Configs/bsp_can_cfg/bsp_can_cfg.o
 .comment       0x00000043       0x44 ./Project_Configs/bsp_gpio_cfg/bsp_gpio_cfg.o
 .comment       0x00000043       0x44 ./Project_Configs/bsp_pwm_config/bsp_pwm_cfg.o
 .comment       0x00000043       0x44 ./Project_Configs/com_driver_cfg/com_driver_cfg.o
 .comment       0x00000043       0x44 ./Project_Configs/software_timer_cfg/software_timer_cfg.o
 .comment       0x00000043       0x44 ./Source/application/app_buck_converter/app_buck_converter.o
 .comment       0x00000043       0x44 ./Source/bsp/bsp_adc/bsp_adc.o
 .comment       0x00000043       0x44 ./Source/bsp/bsp_can/bsp_can.o
 .comment       0x00000043       0x44 ./Source/bsp/bsp_gpio/bsp_gpio.o
 .comment       0x00000043       0x44 ./Source/bsp/bsp_pwm/bsp_pwm.o
 .comment       0x00000043       0x44 ./Source/device_drivers/adc_sensor_driver/adc_sensor_driver.o
 .comment       0x00000043       0x44 ./Source/device_drivers/communication_driver/com_driver.o
 .comment       0x00000043       0x44 ./Source/device_drivers/software_timer/software_timer.o
 .comment       0x00000043       0x44 ./Source/libraries/pid_controller/pid_controller.o
 .comment       0x00000043       0x44 ./Source/system/error_manager/error_manager.o
 .comment       0x00000043       0x44 ./Source/system/system_manager/system_manager.o

.debug_frame    0x00000000     0x3888
 .debug_frame   0x00000000       0x2c ./Core/Src/main.o
 .debug_frame   0x0000002c      0x118 ./Core/Src/stm32f4xx_hal_msp.o
 .debug_frame   0x00000144      0x104 ./Core/Src/stm32f4xx_it.o
 .debug_frame   0x00000248       0x58 ./Core/Src/system_stm32f4xx.o
 .debug_frame   0x000002a0      0x374 ./Drivers/STM32F4xx_HAL_Driver/Src/stm32f4xx_hal.o
 .debug_frame   0x00000614      0x3fc ./Drivers/STM32F4xx_HAL_Driver/Src/stm32f4xx_hal_adc.o
 .debug_frame   0x00000a10      0x5a0 ./Drivers/STM32F4xx_HAL_Driver/Src/stm32f4xx_hal_can.o
 .debug_frame   0x00000fb0      0x508 ./Drivers/STM32F4xx_HAL_Driver/Src/stm32f4xx_hal_cortex.o
 .debug_frame   0x000014b8      0x14c ./Drivers/STM32F4xx_HAL_Driver/Src/stm32f4xx_hal_gpio.o
 .debug_frame   0x00001604      0x1f4 ./Drivers/STM32F4xx_HAL_Driver/Src/stm32f4xx_hal_rcc.o
 .debug_frame   0x000017f8     0x11c0 ./Drivers/STM32F4xx_HAL_Driver/Src/stm32f4xx_hal_tim.o
 .debug_frame   0x000029b8      0x638 ./Drivers/STM32F4xx_HAL_Driver/Src/stm32f4xx_hal_tim_ex.o
 .debug_frame   0x00002ff0       0x80 ./Source/application/app_buck_converter/app_buck_converter.o
 .debug_frame   0x00003070      0x104 ./Source/bsp/bsp_adc/bsp_adc.o
 .debug_frame   0x00003174       0x80 ./Source/bsp/bsp_can/bsp_can.o
 .debug_frame   0x000031f4       0xc8 ./Source/bsp/bsp_gpio/bsp_gpio.o
 .debug_frame   0x000032bc      0x118 ./Source/bsp/bsp_pwm/bsp_pwm.o
 .debug_frame   0x000033d4       0x58 ./Source/device_drivers/adc_sensor_driver/adc_sensor_driver.o
 .debug_frame   0x0000342c      0x11c ./Source/device_drivers/communication_driver/com_driver.o
 .debug_frame   0x00003548       0xf0 ./Source/device_drivers/software_timer/software_timer.o
 .debug_frame   0x00003638       0x38 ./Source/libraries/pid_controller/pid_controller.o
 .debug_frame   0x00003670       0xc8 ./Source/system/error_manager/error_manager.o
 .debug_frame   0x00003738       0xa4 ./Source/system/system_manager/system_manager.o
 .debug_frame   0x000037dc       0x20 /Applications/STM32CubeIDE.app/Contents/Eclipse/plugins/com.st.stm32cube.ide.mcu.externaltools.gnu-tools-for-stm32.13.3.rel1.macos64_1.0.0.202411102158/tools/bin/../lib/gcc/arm-none-eabi/13.3.1/../../../../arm-none-eabi/lib/thumb/v7e-m+fp/hard/libc_nano.a(libc_a-memset.o)
 .debug_frame   0x000037fc       0x2c /Applications/STM32CubeIDE.app/Contents/Eclipse/plugins/com.st.stm32cube.ide.mcu.externaltools.gnu-tools-for-stm32.13.3.rel1.macos64_1.0.0.202411102158/tools/bin/../lib/gcc/arm-none-eabi/13.3.1/../../../../arm-none-eabi/lib/thumb/v7e-m+fp/hard/libc_nano.a(libc_a-init.o)
 .debug_frame   0x00003828       0x2c /Applications/STM32CubeIDE.app/Contents/Eclipse/plugins/com.st.stm32cube.ide.mcu.externaltools.gnu-tools-for-stm32.13.3.rel1.macos64_1.0.0.202411102158/tools/bin/../lib/gcc/arm-none-eabi/13.3.1/thumb/v7e-m+fp/hard/libgcc.a(_aeabi_uldivmod.o)
 .debug_frame   0x00003854       0x34 /Applications/STM32CubeIDE.app/Contents/Eclipse/plugins/com.st.stm32cube.ide.mcu.externaltools.gnu-tools-for-stm32.13.3.rel1.macos64_1.0.0.202411102158/tools/bin/../lib/gcc/arm-none-eabi/13.3.1/thumb/v7e-m+fp/hard/libgcc.a(_udivmoddi4.o)

.debug_line_str
                0x00000000       0x78
 .debug_line_str
                0x00000000       0x78 ./Core/Startup/startup_stm32f407ighx.o
